Archive member included to satisfy reference by file (symbol)

/usr/lib/gcc/arm-none-eabi/13.2.1/../../../arm-none-eabi/lib/thumb/v8-m.main+fp/softfp/libm.a(libm_a-wf_sqrt.o)
                              CMakeFiles/drone.dir/home/kac101/pico-sdk/src/rp2_common/pico_float/float_math.c.o (sqrtf)
/usr/lib/gcc/arm-none-eabi/13.2.1/../../../arm-none-eabi/lib/thumb/v8-m.main+fp/softfp/libm.a(libm_a-ef_sqrt.o)
                              /usr/lib/gcc/arm-none-eabi/13.2.1/../../../arm-none-eabi/lib/thumb/v8-m.main+fp/softfp/libm.a(libm_a-wf_sqrt.o) (__ieee754_sqrtf)
/usr/lib/gcc/arm-none-eabi/13.2.1/thumb/v8-m.main+fp/softfp/libgcc.a(_arm_addsubdf3.o)
                              CMakeFiles/drone.dir/home/kac101/pico-sdk/src/rp2_common/pico_float/float_math.c.o (__aeabi_f2d)
/usr/lib/gcc/arm-none-eabi/13.2.1/thumb/v8-m.main+fp/softfp/libgcc.a(_aeabi_ldivmod.o)
                              CMakeFiles/drone.dir/home/kac101/pico-sdk/src/common/pico_time/time.c.o (__aeabi_ldivmod)
/usr/lib/gcc/arm-none-eabi/13.2.1/thumb/v8-m.main+fp/softfp/libgcc.a(_aeabi_uldivmod.o)
                              CMakeFiles/drone.dir/home/kac101/pico-sdk/src/rp2_common/hardware_clocks/clocks.c.o (__aeabi_uldivmod)
/usr/lib/gcc/arm-none-eabi/13.2.1/thumb/v8-m.main+fp/softfp/libgcc.a(_udivmoddi4.o)
                              /usr/lib/gcc/arm-none-eabi/13.2.1/thumb/v8-m.main+fp/softfp/libgcc.a(_aeabi_ldivmod.o) (__udivmoddi4)
/usr/lib/gcc/arm-none-eabi/13.2.1/thumb/v8-m.main+fp/softfp/libgcc.a(_dvmd_tls.o)
                              /usr/lib/gcc/arm-none-eabi/13.2.1/thumb/v8-m.main+fp/softfp/libgcc.a(_aeabi_ldivmod.o) (__aeabi_ldiv0)
/usr/lib/gcc/arm-none-eabi/13.2.1/../../../arm-none-eabi/lib/thumb/v8-m.main+fp/softfp/libg.a(libc_a-memset.o)
                              /usr/lib/gcc/arm-none-eabi/13.2.1/../../../arm-none-eabi/lib/thumb/v8-m.main+fp/softfp/crt0.o (memset)
/usr/lib/gcc/arm-none-eabi/13.2.1/../../../arm-none-eabi/lib/thumb/v8-m.main+fp/softfp/libg.a(libc_a-strncmp.o)
                              CMakeFiles/drone.dir/home/kac101/pico-sdk/lib/cyw43-driver/src/cyw43_ll.c.o (strncmp)
/usr/lib/gcc/arm-none-eabi/13.2.1/../../../arm-none-eabi/lib/thumb/v8-m.main+fp/softfp/libg.a(libc_a-memmove.o)
                              CMakeFiles/drone.dir/home/kac101/pico-sdk/lib/cyw43-driver/src/cyw43_ll.c.o (memmove)
/usr/lib/gcc/arm-none-eabi/13.2.1/../../../arm-none-eabi/lib/thumb/v8-m.main+fp/softfp/libg.a(libc_a-calloc.o)
                              CMakeFiles/drone.dir/home/kac101/pico-sdk/src/rp2_common/pico_malloc/malloc.c.o (calloc)
/usr/lib/gcc/arm-none-eabi/13.2.1/../../../arm-none-eabi/lib/thumb/v8-m.main+fp/softfp/libg.a(libc_a-errno.o)
                              /usr/lib/gcc/arm-none-eabi/13.2.1/../../../arm-none-eabi/lib/thumb/v8-m.main+fp/softfp/libm.a(libm_a-wf_sqrt.o) (__errno)
/usr/lib/gcc/arm-none-eabi/13.2.1/../../../arm-none-eabi/lib/thumb/v8-m.main+fp/softfp/libg.a(libc_a-impure.o)
                              /usr/lib/gcc/arm-none-eabi/13.2.1/../../../arm-none-eabi/lib/thumb/v8-m.main+fp/softfp/libg.a(libc_a-calloc.o) (_impure_ptr)
/usr/lib/gcc/arm-none-eabi/13.2.1/../../../arm-none-eabi/lib/thumb/v8-m.main+fp/softfp/libg.a(libc_a-callocr.o)
                              /usr/lib/gcc/arm-none-eabi/13.2.1/../../../arm-none-eabi/lib/thumb/v8-m.main+fp/softfp/libg.a(libc_a-calloc.o) (_calloc_r)
/usr/lib/gcc/arm-none-eabi/13.2.1/../../../arm-none-eabi/lib/thumb/v8-m.main+fp/softfp/libg.a(libc_a-realloc.o)
                              CMakeFiles/drone.dir/home/kac101/pico-sdk/src/rp2_common/pico_malloc/malloc.c.o (realloc)
/usr/lib/gcc/arm-none-eabi/13.2.1/../../../arm-none-eabi/lib/thumb/v8-m.main+fp/softfp/libg.a(libc_a-mallocr.o)
                              /usr/lib/gcc/arm-none-eabi/13.2.1/../../../arm-none-eabi/lib/thumb/v8-m.main+fp/softfp/libg.a(libc_a-callocr.o) (_malloc_r)
/usr/lib/gcc/arm-none-eabi/13.2.1/../../../arm-none-eabi/lib/thumb/v8-m.main+fp/softfp/libg.a(libc_a-freer.o)
                              /usr/lib/gcc/arm-none-eabi/13.2.1/../../../arm-none-eabi/lib/thumb/v8-m.main+fp/softfp/libg.a(libc_a-mallocr.o) (_free_r)
/usr/lib/gcc/arm-none-eabi/13.2.1/../../../arm-none-eabi/lib/thumb/v8-m.main+fp/softfp/libg.a(libc_a-memcmp.o)
                              CMakeFiles/drone.dir/home/kac101/pico-sdk/src/rp2_common/pico_atomic/atomic.c.o (memcmp)
/usr/lib/gcc/arm-none-eabi/13.2.1/../../../arm-none-eabi/lib/thumb/v8-m.main+fp/softfp/libg.a(libc_a-malloc.o)
                              CMakeFiles/drone.dir/home/kac101/pico-sdk/src/rp2_common/pico_malloc/malloc.c.o (malloc)
/usr/lib/gcc/arm-none-eabi/13.2.1/../../../arm-none-eabi/lib/thumb/v8-m.main+fp/softfp/libg.a(libc_a-memcpy.o)
                              CMakeFiles/drone.dir/home/kac101/pico-sdk/src/common/pico_util/queue.c.o (memcpy)
/usr/lib/gcc/arm-none-eabi/13.2.1/../../../arm-none-eabi/lib/thumb/v8-m.main+fp/softfp/libg.a(libc_a-sysconf.o)
[...]
Memory Configuration

Name             Origin             Length             Attributes
FLASH            0x10000000         0x00400000         xr
RAM              0x20000000         0x00080000         xrw
SCRATCH_X        0x20080000         0x00001000         xrw
SCRATCH_Y        0x20081000         0x00001000         xrw
*default*        0x00000000         0xffffffff

Linker script and memory map

LOAD /usr/lib/gcc/arm-none-eabi/13.2.1/thumb/v8-m.main+fp/softfp/crti.o
LOAD /usr/lib/gcc/arm-none-eabi/13.2.1/thumb/v8-m.main+fp/softfp/crtbegin.o
LOAD /usr/lib/gcc/arm-none-eabi/13.2.1/../../../arm-none-eabi/lib/thumb/v8-m.main+fp/softfp/crt0.o

.flash_begin    0x10000000        0x0
                0x10000000                        __flash_binary_start = .

.text           0x10000000     0xa4ec
                0x10000000                        __logical_binary_start = .
 *(.vectors)
 .vectors       0x10000000      0x124 CMakeFiles/drone.dir/home/kac101/pico-sdk/src/rp2_common/pico_crt0/crt0.S.o
                0x10000000                __vectors
                0x10000000                __VECTOR_TABLE
                0x10000110                isr_invalid
                0x10000110                __default_isrs_start
                0x10000112                isr_nmi
                0x10000114                isr_hardfault
                0x10000116                isr_svcall
                0x10000118                isr_pendsv
                0x1000011a                isr_systick
                0x1000011c                isr_irq30
                0x1000011c                __unhandled_user_irq
                0x1000011c                isr_irq49
                0x1000011c                isr_irq13
                0x1000011c                isr_irq43
                0x1000011c                isr_irq45
                0x1000011c                isr_irq27
                0x1000011c                isr_irq32
                0x1000011c                isr_irq31
                0x1000011c                isr_irq5
                0x1000011c                isr_irq11
                0x1000011c                isr_irq23
                0x1000011c                isr_irq48
                0x1000011c                isr_irq35
                0x1000011c                isr_irq18
                0x1000011c                isr_irq50
                0x1000011c                isr_irq40
                0x1000011c                isr_irq28
                0x1000011c                isr_irq19
                0x1000011c                isr_irq36
                0x1000011c                isr_irq41
                0x1000011c                isr_irq0
                0x1000011c                isr_irq6
                0x1000011c                isr_irq37
                0x1000011c                isr_irq42
                0x1000011c                isr_irq22
                0x1000011c                isr_irq17
                0x1000011c                isr_irq38
                0x1000011c                isr_irq14
                0x1000011c                isr_irq2
                0x1000011c                isr_irq10
                0x1000011c                isr_irq8
                0x1000011c                isr_irq24
                0x1000011c                isr_irq46
                0x1000011c                isr_irq1
                0x1000011c                isr_irq47
                0x1000011c                isr_irq51
                0x1000011c                isr_irq7
                0x1000011c                isr_irq21
                0x1000011c                isr_irq39
                0x1000011c                isr_irq20
                0x1000011c                isr_irq15
                0x1000011c                isr_irq25
                0x1000011c                isr_irq34
                0x1000011c                isr_irq4
                0x1000011c                isr_irq16
                0x1000011c                isr_irq44
                0x1000011c                isr_irq29
                0x1000011c                isr_irq26
                0x1000011c                __default_isrs_end
                0x1000011c                isr_irq33
                0x1000011c                isr_irq3
                0x1000011c                isr_irq12
                0x1000011c                isr_irq9
                0x10000122                unhandled_user_irq_num_in_r0
 *(.binary_info_header)
 .binary_info_header
                0x10000124       0x14 CMakeFiles/drone.dir/home/kac101/pico-sdk/src/rp2_common/pico_crt0/crt0.S.o
                0x10000138                        __binary_info_header_end = .
 *(.embedded_block)
 .embedded_block
                0x10000138       0x14 CMakeFiles/drone.dir/home/kac101/pico-sdk/src/rp2_common/pico_crt0/crt0.S.o
                0x1000014c                        __embedded_block_end = .
 *(.reset)
 .reset         0x1000014c       0xa0 CMakeFiles/drone.dir/home/kac101/pico-sdk/src/rp2_common/pico_crt0/crt0.S.o
                0x1000014c                _entry_point
 *(.init)
 .init          0x100001ec        0x4 /usr/lib/gcc/arm-none-eabi/13.2.1/thumb/v8-m.main+fp/softfp/crti.o
                0x100001ec                _init
 *libgcc.a:cmse_nonsecure_call.o()
 *(EXCLUDE_FILE(*libm.a: *libc.a:*lib_a-mem*.o *libgcc.a:) .text*)
 .text          0x100001f0       0x8c /usr/lib/gcc/arm-none-eabi/13.2.1/thumb/v8-m.main+fp/softfp/crtbegin.o
 .text._Z14alarm_callbacklPv
                0x1000027c        0x8 CMakeFiles/drone.dir/drone.cpp.o
                0x1000027c                alarm_callback(long, void*)
 .text._Z17blink_pin_foreverP8pio_hw_tjjjj
                0x10000284       0x9c CMakeFiles/drone.dir/drone.cpp.o
                0x10000284                blink_pin_forever(pio_hw_t*, unsigned int, unsigned int, unsigned int, unsigned int)
 .text.startup.main
                0x10000320      0x1fc CMakeFiles/drone.dir/drone.cpp.o
                0x10000320                main
 .text.gpio_set_function
                0x1000051c       0x3c CMakeFiles/drone.dir/home/kac101/pico-sdk/src/rp2_common/hardware_gpio/gpio.c.o
                0x1000051c                gpio_set_function
 .text.gpio_set_pulls
                0x10000558       0x28 CMakeFiles/drone.dir/home/kac101/pico-sdk/src/rp2_common/hardware_gpio/gpio.c.o
                0x10000558                gpio_set_pulls
 .text.gpio_set_input_hysteresis_enabled
                0x10000580       0x20 CMakeFiles/drone.dir/home/kac101/pico-sdk/src/rp2_common/hardware_gpio/gpio.c.o
                0x10000580                gpio_set_input_hysteresis_enabled
 .text.gpio_set_irq_enabled
                0x100005a0       0x50 CMakeFiles/drone.dir/home/kac101/pico-sdk/src/rp2_common/hardware_gpio/gpio.c.o
                0x100005a0                gpio_set_irq_enabled
 .text.gpio_add_raw_irq_handler_with_order_priority_masked
                0x100005f0       0x44 CMakeFiles/drone.dir/home/kac101/pico-sdk/src/rp2_common/hardware_gpio/gpio.c.o
                0x100005f0                gpio_add_raw_irq_handler_with_order_priority_masked
 .text.gpio_remove_raw_irq_handler_masked
                0x10000634       0x24 CMakeFiles/drone.dir/home/kac101/pico-sdk/src/rp2_common/hardware_gpio/gpio.c.o
                0x10000634                gpio_remove_raw_irq_handler_masked
 .text.gpio_init
                0x10000658       0x48 CMakeFiles/drone.dir/home/kac101/pico-sdk/src/rp2_common/hardware_gpio/gpio.c.o
                0x10000658                gpio_init
 .text.panic    0x100006a0       0x30 CMakeFiles/drone.dir/home/kac101/pico-sdk/src/rp2_common/pico_platform_panic/panic.c.o
                0x100006a0                panic
 .text.hw_claim_lock
                0x100006d0       0x24 CMakeFiles/drone.dir/home/kac101/pico-sdk/src/common/hardware_claim/claim.c.o
                0x100006d0                hw_claim_lock
 .text.hw_claim_unlock
                0x100006f4       0x14 CMakeFiles/drone.dir/home/kac101/pico-sdk/src/common/hardware_claim/claim.c.o
                0x100006f4                hw_claim_unlock
 .text.hw_claim_or_assert
                0x10000708       0x58 CMakeFiles/drone.dir/home/kac101/pico-sdk/src/common/hardware_claim/claim.c.o
                0x10000708                hw_claim_or_assert
 .text.hw_claim_unused_from_range
                0x10000760       0x9c CMakeFiles/drone.dir/home/kac101/pico-sdk/src/common/hardware_claim/claim.c.o
                0x10000760                hw_claim_unused_from_range
 .text.hw_claim_clear
                0x100007fc       0x50 CMakeFiles/drone.dir/home/kac101/pico-sdk/src/common/hardware_claim/claim.c.o
                0x100007fc                hw_claim_clear
 .text.next_striped_spin_lock_num
                0x1000084c       0x18 CMakeFiles/drone.dir/home/kac101/pico-sdk/src/rp2_common/hardware_sync/sync.c.o
                0x1000084c                next_striped_spin_lock_num
 .text.spin_lock_claim_unused
                0x10000864       0x20 CMakeFiles/drone.dir/home/kac101/pico-sdk/src/rp2_common/hardware_sync/sync.c.o
                0x10000864                spin_lock_claim_unused
 .text.spinlock_set_extexclall
                0x10000884       0x10 CMakeFiles/drone.dir/home/kac101/pico-sdk/src/rp2_common/hardware_sync_spin_lock/sync_spin_lock.c.o
 .text.spin_locks_reset
                0x10000894       0x18 CMakeFiles/drone.dir/home/kac101/pico-sdk/src/rp2_common/hardware_sync_spin_lock/sync_spin_lock.c.o
                0x10000894                spin_locks_reset
 .text.runtime_init_per_core_irq_priorities
                0x100008ac       0x40 CMakeFiles/drone.dir/home/kac101/pico-sdk/src/rp2_common/hardware_irq/irq.c.o
                0x100008ac                runtime_init_per_core_irq_priorities
 .text.irq_set_enabled
                0x100008ec       0x2c CMakeFiles/drone.dir/home/kac101/pico-sdk/src/rp2_common/hardware_irq/irq.c.o
                0x100008ec                irq_set_enabled
 .text.irq_is_enabled
                0x10000918       0x20 CMakeFiles/drone.dir/home/kac101/pico-sdk/src/rp2_common/hardware_irq/irq.c.o
                0x10000918                irq_is_enabled
 .text.irq_set_pending
                0x10000938       0x18 CMakeFiles/drone.dir/home/kac101/pico-sdk/src/rp2_common/hardware_irq/irq.c.o
                0x10000938                irq_set_pending
 .text.irq_has_shared_handler
                0x10000950       0x20 CMakeFiles/drone.dir/home/kac101/pico-sdk/src/rp2_common/hardware_irq/irq.c.o
                0x10000950                irq_has_shared_handler
 .text.irq_set_exclusive_handler
                0x10000970       0x60 CMakeFiles/drone.dir/home/kac101/pico-sdk/src/rp2_common/hardware_irq/irq.c.o
                0x10000970                irq_set_exclusive_handler
 .text.irq_add_shared_handler
                0x100009d0      0x1e8 CMakeFiles/drone.dir/home/kac101/pico-sdk/src/rp2_common/hardware_irq/irq.c.o
                0x100009d0                irq_add_shared_handler
 .text.irq_remove_handler
                0x10000bb8      0x1fc CMakeFiles/drone.dir/home/kac101/pico-sdk/src/rp2_common/hardware_irq/irq.c.o
                0x10000bb8                irq_remove_handler
 .text.irq_set_priority
                0x10000db4       0x28 CMakeFiles/drone.dir/home/kac101/pico-sdk/src/rp2_common/hardware_irq/irq.c.o
                0x10000db4                irq_set_priority
 .text.irq_add_tail_to_free_list
                0x10000ddc       0xbc CMakeFiles/drone.dir/home/kac101/pico-sdk/src/rp2_common/hardware_irq/irq.c.o
                0x10000ddc                irq_add_tail_to_free_list
 .text.user_irq_unclaim
                0x10000e98       0x10 CMakeFiles/drone.dir/home/kac101/pico-sdk/src/rp2_common/hardware_irq/irq.c.o
                0x10000e98                user_irq_unclaim
 .text.user_irq_claim_unused
                0x10000ea8       0x28 CMakeFiles/drone.dir/home/kac101/pico-sdk/src/rp2_common/hardware_irq/irq.c.o
                0x10000ea8                user_irq_claim_unused
 .text.sem_init
                0x10000ed0       0x20 CMakeFiles/drone.dir/home/kac101/pico-sdk/src/common/pico_sync/sem.c.o
                0x10000ed0                sem_init
 .text.lock_init
                0x10000ef0        0xc CMakeFiles/drone.dir/home/kac101/pico-sdk/src/common/pico_sync/lock_core.c.o
                0x10000ef0                lock_init
 .text.runtime_init_mutex
                0x10000efc       0x4c CMakeFiles/drone.dir/home/kac101/pico-sdk/src/common/pico_sync/mutex.c.o
                0x10000efc                runtime_init_mutex
 .text.mutex_init
                0x10000f48       0x1c CMakeFiles/drone.dir/home/kac101/pico-sdk/src/common/pico_sync/mutex.c.o
                0x10000f48                mutex_init
 .text.recursive_mutex_init
                0x10000f64       0x1c CMakeFiles/drone.dir/home/kac101/pico-sdk/src/common/pico_sync/mutex.c.o
                0x10000f64                recursive_mutex_init
 .text.critical_section_init
                0x10000f80       0x1c CMakeFiles/drone.dir/home/kac101/pico-sdk/src/common/pico_sync/critical_section.c.o
                0x10000f80                critical_section_init
 .text.critical_section_init_with_lock_num
                0x10000f9c       0x10 CMakeFiles/drone.dir/home/kac101/pico-sdk/src/common/pico_sync/critical_section.c.o
                0x10000f9c                critical_section_init_with_lock_num
 .text.sleep_until_callback
                0x10000fac       0x3c CMakeFiles/drone.dir/home/kac101/pico-sdk/src/common/pico_time/time.c.o
 .text.alarm_pool_irq_handler
                0x10000fe8      0x2f0 CMakeFiles/drone.dir/home/kac101/pico-sdk/src/common/pico_time/time.c.o
 .text.runtime_init_default_alarm_pool
                0x100012d8      0x100 CMakeFiles/drone.dir/home/kac101/pico-sdk/src/common/pico_time/time.c.o
                0x100012d8                runtime_init_default_alarm_pool
 .text.alarm_pool_get_default
                0x100013d8        0x8 CMakeFiles/drone.dir/home/kac101/pico-sdk/src/common/pico_time/time.c.o
                0x100013d8                alarm_pool_get_default
 .text.alarm_pool_add_alarm_at
                0x100013e0       0xdc CMakeFiles/drone.dir/home/kac101/pico-sdk/src/common/pico_time/time.c.o
                0x100013e0                alarm_pool_add_alarm_at
 .text.alarm_pool_add_alarm_at_force_in_context
                0x100014bc       0xc8 CMakeFiles/drone.dir/home/kac101/pico-sdk/src/common/pico_time/time.c.o
                0x100014bc                alarm_pool_add_alarm_at_force_in_context
 .text.alarm_pool_cancel_alarm
                0x10001584       0x80 CMakeFiles/drone.dir/home/kac101/pico-sdk/src/common/pico_time/time.c.o
                0x10001584                alarm_pool_cancel_alarm
 .text.alarm_pool_core_num
                0x10001604        0x4 CMakeFiles/drone.dir/home/kac101/pico-sdk/src/common/pico_time/time.c.o
                0x10001604                alarm_pool_core_num
 .text.sleep_until
                0x10001608       0xbc CMakeFiles/drone.dir/home/kac101/pico-sdk/src/common/pico_time/time.c.o
                0x10001608                sleep_until
 .text.sleep_ms
                0x100016c4       0x2c CMakeFiles/drone.dir/home/kac101/pico-sdk/src/common/pico_time/time.c.o
                0x100016c4                sleep_ms
 .text.best_effort_wfe_or_timeout
                0x100016f0       0xbc CMakeFiles/drone.dir/home/kac101/pico-sdk/src/common/pico_time/time.c.o
                0x100016f0                best_effort_wfe_or_timeout
 .text.timer_hardware_alarm_claim
                0x100017ac       0x24 CMakeFiles/drone.dir/home/kac101/pico-sdk/src/rp2_common/hardware_timer/timer.c.o
                0x100017ac                timer_hardware_alarm_claim
 .text.timer_time_us_64
                0x100017d0       0x10 CMakeFiles/drone.dir/home/kac101/pico-sdk/src/rp2_common/hardware_timer/timer.c.o
                0x100017d0                timer_time_us_64
 .text.time_us_64
                0x100017e0       0x14 CMakeFiles/drone.dir/home/kac101/pico-sdk/src/rp2_common/hardware_timer/timer.c.o
                0x100017e0                time_us_64
 .text.busy_wait_us
                0x100017f4       0x64 CMakeFiles/drone.dir/home/kac101/pico-sdk/src/rp2_common/hardware_timer/timer.c.o
                0x100017f4                busy_wait_us
 .text.busy_wait_until
                0x10001858       0x24 CMakeFiles/drone.dir/home/kac101/pico-sdk/src/rp2_common/hardware_timer/timer.c.o
                0x10001858                busy_wait_until
 .text.uart_init
                0x1000187c      0x104 CMakeFiles/drone.dir/home/kac101/pico-sdk/src/rp2_common/hardware_uart/uart.c.o
                0x1000187c                uart_init
 .text.clock_configure_undivided
                0x10001980       0xd0 CMakeFiles/drone.dir/home/kac101/pico-sdk/src/rp2_common/hardware_clocks/clocks.c.o
                0x10001980                clock_configure_undivided
 .text.clock_get_hz
                0x10001a50        0xc CMakeFiles/drone.dir/home/kac101/pico-sdk/src/rp2_common/hardware_clocks/clocks.c.o
                0x10001a50                clock_get_hz
 .text.pll_init
                0x10001a5c       0x8c CMakeFiles/drone.dir/home/kac101/pico-sdk/src/rp2_common/hardware_pll/pll.c.o
                0x10001a5c                pll_init
 .text.watchdog_reboot
                0x10001ae8       0x98 CMakeFiles/drone.dir/home/kac101/pico-sdk/src/rp2_common/hardware_watchdog/watchdog.c.o
                0x10001ae8                watchdog_reboot
 .text.tick_start
                0x10001b80       0x18 CMakeFiles/drone.dir/home/kac101/pico-sdk/src/rp2_common/hardware_ticks/ticks.c.o
                0x10001b80                tick_start
 .text.rom_reboot.constprop.0.isra.0
                0x10001b98       0x34 CMakeFiles/drone.dir/home/kac101/pico-sdk/src/rp2_common/pico_bootrom/bootrom.c.o
 .text.rom_func_lookup
                0x10001bcc       0x18 CMakeFiles/drone.dir/home/kac101/pico-sdk/src/rp2_common/pico_bootrom/bootrom.c.o
                0x10001bcc                rom_func_lookup
 .text.rom_reset_usb_boot_extra
                0x10001be4       0x1c CMakeFiles/drone.dir/home/kac101/pico-sdk/src/rp2_common/pico_bootrom/bootrom.c.o
                0x10001be4                rom_reset_usb_boot_extra
 .text.runtime_init_bootrom_locking_enable
                0x10001c00       0x14 CMakeFiles/drone.dir/home/kac101/pico-sdk/src/rp2_common/pico_bootrom/bootrom_lock.c.o
                0x10001c00                runtime_init_bootrom_locking_enable
 .text.runtime_init_boot_locks_reset
                0x10001c14       0x1c CMakeFiles/drone.dir/home/kac101/pico-sdk/src/rp2_common/hardware_boot_lock/boot_lock.c.o
                0x10001c14                runtime_init_boot_locks_reset
 .text.xosc_init
                0x10001c30       0x30 CMakeFiles/drone.dir/home/kac101/pico-sdk/src/rp2_common/hardware_xosc/xosc.c.o
                0x10001c30                xosc_init
 .text.first_per_core_initializer
                0x10001c60        0x4 CMakeFiles/drone.dir/home/kac101/pico-sdk/src/rp2_common/pico_runtime/runtime.c.o
 .text.hard_assertion_failure
                0x10001c64        0xc CMakeFiles/drone.dir/home/kac101/pico-sdk/src/rp2_common/pico_runtime/runtime.c.o
                0x10001c64                hard_assertion_failure
 .text.runtime_run_initializers
                0x10001c70       0x20 CMakeFiles/drone.dir/home/kac101/pico-sdk/src/rp2_common/pico_runtime/runtime.c.o
                0x10001c70                runtime_run_initializers
 .text.runtime_init_early_resets
                0x10001c90       0x34 CMakeFiles/drone.dir/home/kac101/pico-sdk/src/rp2_common/pico_runtime_init/runtime_init.c.o
                0x10001c90                runtime_init_early_resets
 .text.runtime_init_usb_power_down
                0x10001cc4       0x1c CMakeFiles/drone.dir/home/kac101/pico-sdk/src/rp2_common/pico_runtime_init/runtime_init.c.o
                0x10001cc4                runtime_init_usb_power_down
 .text.runtime_init_per_core_enable_coprocessors
                0x10001ce0       0x1c CMakeFiles/drone.dir/home/kac101/pico-sdk/src/rp2_common/pico_runtime_init/runtime_init.c.o
                0x10001ce0                runtime_init_per_core_enable_coprocessors
 .text.runtime_init_post_clock_resets
                0x10001cfc       0x20 CMakeFiles/drone.dir/home/kac101/pico-sdk/src/rp2_common/pico_runtime_init/runtime_init.c.o
                0x10001cfc                runtime_init_post_clock_resets
 .text.runtime_init_bootrom_reset
                0x10001d1c       0x14 CMakeFiles/drone.dir/home/kac101/pico-sdk/src/rp2_common/pico_runtime_init/runtime_init.c.o
                0x10001d1c                runtime_init_bootrom_reset
 .text.runtime_init_per_core_bootrom_reset
                0x10001d30       0x14 CMakeFiles/drone.dir/home/kac101/pico-sdk/src/rp2_common/pico_runtime_init/runtime_init.c.o
                0x10001d30                runtime_init_per_core_bootrom_reset
 .text.runtime_init_spin_locks_reset
                0x10001d44        0x4 CMakeFiles/drone.dir/home/kac101/pico-sdk/src/rp2_common/pico_runtime_init/runtime_init.c.o
                0x10001d44                runtime_init_spin_locks_reset
 .text.runtime_init_install_ram_vector_table
                0x10001d48       0x20 CMakeFiles/drone.dir/home/kac101/pico-sdk/src/rp2_common/pico_runtime_init/runtime_init.c.o
                0x10001d48                runtime_init_install_ram_vector_table
 .text.runtime_init_clocks
                0x10001d68       0xdc CMakeFiles/drone.dir/home/kac101/pico-sdk/src/rp2_common/pico_runtime_init/runtime_init_clocks.c.o
                0x10001d68                runtime_init_clocks
 .text.__rp2350_dcp_engaged_state_save_restore
                0x10001e44       0x3a CMakeFiles/drone.dir/home/kac101/pico-sdk/src/rp2_common/pico_double/double_aeabi_dcp.S.o
 *fill*         0x10001e7e        0x2 
 .text.__wrap___aeabi_dadd
                0x10001e80       0x28 CMakeFiles/drone.dir/home/kac101/pico-sdk/src/rp2_common/pico_double/double_aeabi_dcp.S.o
                0x10001e88                __wrap___aeabi_dadd
 .text.__wrap___aeabi_dsub
                0x10001ea8       0x28 CMakeFiles/drone.dir/home/kac101/pico-sdk/src/rp2_common/pico_double/double_aeabi_dcp.S.o
                0x10001eb0                __wrap___aeabi_dsub
 .text.__wrap___aeabi_dmul
                0x10001ed0       0x4c CMakeFiles/drone.dir/home/kac101/pico-sdk/src/rp2_common/pico_double/double_aeabi_dcp.S.o
                0x10001ed8                __wrap___aeabi_dmul
 .text.__wrap___aeabi_ddiv
                0x10001f1c       0x9c CMakeFiles/drone.dir/home/kac101/pico-sdk/src/rp2_common/pico_double/double_aeabi_dcp.S.o
                0x10001f24                __wrap___aeabi_ddiv
 .text.__wrap___aeabi_i2d
                0x10001fb8       0x24 CMakeFiles/drone.dir/home/kac101/pico-sdk/src/rp2_common/pico_double/double_aeabi_dcp.S.o
                0x10001fc0                __wrap___aeabi_i2d
                0x10001fc0                int2double
 .text.__wrap___aeabi_ui2d
                0x10001fdc       0x24 CMakeFiles/drone.dir/home/kac101/pico-sdk/src/rp2_common/pico_double/double_aeabi_dcp.S.o
                0x10001fe4                __wrap___aeabi_ui2d
                0x10001fe4                uint2double
 .text.__wrap___aeabi_d2iz
                0x10002000       0x24 CMakeFiles/drone.dir/home/kac101/pico-sdk/src/rp2_common/pico_double/double_aeabi_dcp.S.o
                0x10002008                __wrap___aeabi_d2iz
                0x10002008                double2int_z
 .text.__wrap___aeabi_d2uiz
                0x10002024       0x24 CMakeFiles/drone.dir/home/kac101/pico-sdk/src/rp2_common/pico_double/double_aeabi_dcp.S.o
                0x1000202c                double2uint_z
                0x1000202c                double2uint
                0x1000202c                __wrap___aeabi_d2uiz
 .text.__wrap___aeabi_dcmpun
                0x10002048       0x24 CMakeFiles/drone.dir/home/kac101/pico-sdk/src/rp2_common/pico_double/double_aeabi_dcp.S.o
                0x10002050                __wrap___aeabi_dcmpun
 .text.__wrap___aeabi_dcmplt
                0x1000206c       0x28 CMakeFiles/drone.dir/home/kac101/pico-sdk/src/rp2_common/pico_double/double_aeabi_dcp.S.o
                0x10002074                __wrap___aeabi_dcmplt
 .text.__wrap___aeabi_dcmpge
                0x10002094       0x28 CMakeFiles/drone.dir/home/kac101/pico-sdk/src/rp2_common/pico_double/double_aeabi_dcp.S.o
                0x1000209c                __wrap___aeabi_dcmpge
 .text.__wrap___aeabi_dcmpgt
                0x100020bc       0x28 CMakeFiles/drone.dir/home/kac101/pico-sdk/src/rp2_common/pico_double/double_aeabi_dcp.S.o
                0x100020c4                __wrap___aeabi_dcmpgt
 .text._out_null
                0x100020e4        0x4 CMakeFiles/drone.dir/home/kac101/pico-sdk/src/rp2_common/pico_printf/printf.c.o
 .text._out_rev
                0x100020e8       0x9c CMakeFiles/drone.dir/home/kac101/pico-sdk/src/rp2_common/pico_printf/printf.c.o
 .text._ntoa_format
                0x10002184      0x2a4 CMakeFiles/drone.dir/home/kac101/pico-sdk/src/rp2_common/pico_printf/printf.c.o
 .text._out_char
                0x10002428        0x8 CMakeFiles/drone.dir/home/kac101/pico-sdk/src/rp2_common/pico_printf/printf.c.o
 .text._out_fct
                0x10002430        0xc CMakeFiles/drone.dir/home/kac101/pico-sdk/src/rp2_common/pico_printf/printf.c.o
 *fill*         0x1000243c        0x4 
 .text._etoa    0x10002440      0x460 CMakeFiles/drone.dir/home/kac101/pico-sdk/src/rp2_common/pico_printf/printf.c.o
 .text._ftoa    0x100028a0      0x3f4 CMakeFiles/drone.dir/home/kac101/pico-sdk/src/rp2_common/pico_printf/printf.c.o
 .text._vsnprintf
                0x10002c94      0x9e8 CMakeFiles/drone.dir/home/kac101/pico-sdk/src/rp2_common/pico_printf/printf.c.o
 .text.vfctprintf
                0x1000367c       0x28 CMakeFiles/drone.dir/home/kac101/pico-sdk/src/rp2_common/pico_printf/printf.c.o
                0x1000367c                vfctprintf
 .text.weak_raw_vprintf
                0x100036a4       0x30 CMakeFiles/drone.dir/home/kac101/pico-sdk/src/rp2_common/pico_printf/printf.c.o
                0x100036a4                weak_raw_vprintf
 .text._exit    0x100036d4        0x4 CMakeFiles/drone.dir/home/kac101/pico-sdk/src/rp2_common/pico_clib_interface/newlib_interface.c.o
                0x100036d4                _exit
 .text.exit     0x100036d8        0x8 CMakeFiles/drone.dir/home/kac101/pico-sdk/src/rp2_common/pico_clib_interface/newlib_interface.c.o
                0x100036d8                exit
 .text.runtime_init
                0x100036e0       0x24 CMakeFiles/drone.dir/home/kac101/pico-sdk/src/rp2_common/pico_clib_interface/newlib_interface.c.o
                0x100036e0                runtime_init
 .text.stdio_out_chars_no_crlf
                0x10003704        0x8 CMakeFiles/drone.dir/home/kac101/pico-sdk/src/rp2_common/pico_stdio/stdio.c.o
 .text.stdio_out_chars_crlf
                0x1000370c       0xac CMakeFiles/drone.dir/home/kac101/pico-sdk/src/rp2_common/pico_stdio/stdio.c.o
 .text.stdio_buffered_printer
                0x100037b8       0x60 CMakeFiles/drone.dir/home/kac101/pico-sdk/src/rp2_common/pico_stdio/stdio.c.o
 .text.stdio_put_string
                0x10003818       0xf0 CMakeFiles/drone.dir/home/kac101/pico-sdk/src/rp2_common/pico_stdio/stdio.c.o
                0x10003818                stdio_put_string
 .text.stdio_set_driver_enabled
                0x10003908       0x30 CMakeFiles/drone.dir/home/kac101/pico-sdk/src/rp2_common/pico_stdio/stdio.c.o
                0x10003908                stdio_set_driver_enabled
 .text.stdio_init_all
                0x10003938       0x10 CMakeFiles/drone.dir/home/kac101/pico-sdk/src/rp2_common/pico_stdio/stdio.c.o
                0x10003938                stdio_init_all
 .text.__wrap_putchar
                0x10003948       0x84 CMakeFiles/drone.dir/home/kac101/pico-sdk/src/rp2_common/pico_stdio/stdio.c.o
                0x10003948                stdio_putchar
                0x10003948                __wrap_putchar
 .text.__wrap_puts
                0x100039cc       0x3c CMakeFiles/drone.dir/home/kac101/pico-sdk/src/rp2_common/pico_stdio/stdio.c.o
                0x100039cc                __wrap_puts
                0x100039cc                stdio_puts
 .text.__wrap_vprintf
                0x10003a08       0xc8 CMakeFiles/drone.dir/home/kac101/pico-sdk/src/rp2_common/pico_stdio/stdio.c.o
                0x10003a08                __wrap_vprintf
                0x10003a08                stdio_vprintf
 .text.__wrap_printf
                0x10003ad0       0x1c CMakeFiles/drone.dir/home/kac101/pico-sdk/src/rp2_common/pico_stdio/stdio.c.o
                0x10003ad0                stdio_printf
                0x10003ad0                __wrap_printf
 .text.stdio_uart_out_chars
                0x10003aec       0x50 CMakeFiles/drone.dir/home/kac101/pico-sdk/src/rp2_common/pico_stdio_uart/stdio_uart.c.o
 .text.stdio_uart_in_chars
                0x10003b3c       0x94 CMakeFiles/drone.dir/home/kac101/pico-sdk/src/rp2_common/pico_stdio_uart/stdio_uart.c.o
                0x10003b3c                stdio_uart_in_chars
 .text.on_uart_rx
                0x10003bd0       0x24 CMakeFiles/drone.dir/home/kac101/pico-sdk/src/rp2_common/pico_stdio_uart/stdio_uart.c.o
 .text.stdio_uart_out_flush
                0x10003bf4       0x10 CMakeFiles/drone.dir/home/kac101/pico-sdk/src/rp2_common/pico_stdio_uart/stdio_uart.c.o
 .text.stdio_uart_set_chars_available_callback
                0x10003c04       0x88 CMakeFiles/drone.dir/home/kac101/pico-sdk/src/rp2_common/pico_stdio_uart/stdio_uart.c.o
 .text.stdio_uart_init
                0x10003c8c       0x54 CMakeFiles/drone.dir/home/kac101/pico-sdk/src/rp2_common/pico_stdio_uart/stdio_uart.c.o
                0x10003c8c                stdio_uart_init
 .text.resetd_init
                0x10003ce0        0x4 CMakeFiles/drone.dir/home/kac101/pico-sdk/src/rp2_common/pico_stdio_usb/reset_interface.c.o
 .text.resetd_reset
                0x10003ce4        0xc CMakeFiles/drone.dir/home/kac101/pico-sdk/src/rp2_common/pico_stdio_usb/reset_interface.c.o
 .text.resetd_open
                0x10003cf0       0x28 CMakeFiles/drone.dir/home/kac101/pico-sdk/src/rp2_common/pico_stdio_usb/reset_interface.c.o
 .text.resetd_xfer_cb
                0x10003d18        0x4 CMakeFiles/drone.dir/home/kac101/pico-sdk/src/rp2_common/pico_stdio_usb/reset_interface.c.o
 .text.resetd_control_xfer_cb
                0x10003d1c       0x50 CMakeFiles/drone.dir/home/kac101/pico-sdk/src/rp2_common/pico_stdio_usb/reset_interface.c.o
 .text.tud_descriptor_bos_cb
                0x10003d6c        0x8 CMakeFiles/drone.dir/home/kac101/pico-sdk/src/rp2_common/pico_stdio_usb/reset_interface.c.o
                0x10003d6c                tud_descriptor_bos_cb
 .text.tud_vendor_control_xfer_cb
                0x10003d74       0x28 CMakeFiles/drone.dir/home/kac101/pico-sdk/src/rp2_common/pico_stdio_usb/reset_interface.c.o
                0x10003d74                tud_vendor_control_xfer_cb
 .text.usbd_app_driver_get_cb
                0x10003d9c       0x10 CMakeFiles/drone.dir/home/kac101/pico-sdk/src/rp2_common/pico_stdio_usb/reset_interface.c.o
                0x10003d9c                usbd_app_driver_get_cb
 .text.tud_cdc_line_coding_cb
                0x10003dac       0x18 CMakeFiles/drone.dir/home/kac101/pico-sdk/src/rp2_common/pico_stdio_usb/reset_interface.c.o
                0x10003dac                tud_cdc_line_coding_cb
 .text.stdio_usb_set_chars_available_callback
                0x10003dc4       0x14 CMakeFiles/drone.dir/home/kac101/pico-sdk/src/rp2_common/pico_stdio_usb/stdio_usb.c.o
                0x10003dc4                stdio_usb_set_chars_available_callback
 .text.timer_task
                0x10003dd8       0x70 CMakeFiles/drone.dir/home/kac101/pico-sdk/src/rp2_common/pico_stdio_usb/stdio_usb.c.o
 .text.usb_irq  0x10003e48        0xc CMakeFiles/drone.dir/home/kac101/pico-sdk/src/rp2_common/pico_stdio_usb/stdio_usb.c.o
 .text.stdio_usb_in_chars
                0x10003e54       0x88 CMakeFiles/drone.dir/home/kac101/pico-sdk/src/rp2_common/pico_stdio_usb/stdio_usb.c.o
                0x10003e54                stdio_usb_in_chars
 .text.stdio_usb_out_flush
                0x10003edc       0x54 CMakeFiles/drone.dir/home/kac101/pico-sdk/src/rp2_common/pico_stdio_usb/stdio_usb.c.o
 .text.stdio_usb_out_chars
                0x10003f30       0xf4 CMakeFiles/drone.dir/home/kac101/pico-sdk/src/rp2_common/pico_stdio_usb/stdio_usb.c.o
 .text.low_priority_worker_irq
                0x10004024       0xd8 CMakeFiles/drone.dir/home/kac101/pico-sdk/src/rp2_common/pico_stdio_usb/stdio_usb.c.o
 .text.stdio_usb_init
                0x100040fc       0xe8 CMakeFiles/drone.dir/home/kac101/pico-sdk/src/rp2_common/pico_stdio_usb/stdio_usb.c.o
                0x100040fc                stdio_usb_init
 .text.tud_descriptor_device_cb
                0x100041e4        0x8 CMakeFiles/drone.dir/home/kac101/pico-sdk/src/rp2_common/pico_stdio_usb/stdio_usb_descriptors.c.o
                0x100041e4                tud_descriptor_device_cb
 .text.tud_descriptor_configuration_cb
                0x100041ec        0x8 CMakeFiles/drone.dir/home/kac101/pico-sdk/src/rp2_common/pico_stdio_usb/stdio_usb_descriptors.c.o
                0x100041ec                tud_descriptor_configuration_cb
 .text.tud_descriptor_string_cb
                0x100041f4       0x70 CMakeFiles/drone.dir/home/kac101/pico-sdk/src/rp2_common/pico_stdio_usb/stdio_usb_descriptors.c.o
                0x100041f4                tud_descriptor_string_cb
 .text.startup._retrieve_unique_id_on_boot
                0x10004264       0x30 CMakeFiles/drone.dir/home/kac101/pico-sdk/src/rp2_common/pico_unique_id/unique_id.c.o
 .text.pico_get_unique_board_id
                0x10004294       0x10 CMakeFiles/drone.dir/home/kac101/pico-sdk/src/rp2_common/pico_unique_id/unique_id.c.o
                0x10004294                pico_get_unique_board_id
 .text.pico_get_unique_board_id_string
                0x100042a4      0x184 CMakeFiles/drone.dir/home/kac101/pico-sdk/src/rp2_common/pico_unique_id/unique_id.c.o
                0x100042a4                pico_get_unique_board_id_string
 .text.dcd_init
                0x10004428       0x90 CMakeFiles/drone.dir/home/kac101/pico-sdk/lib/tinyusb/src/portable/raspberrypi/rp2040/dcd_rp2040.c.o
                0x10004428                dcd_init
 .text.dcd_int_enable
                0x100044b8        0x8 CMakeFiles/drone.dir/home/kac101/pico-sdk/lib/tinyusb/src/portable/raspberrypi/rp2040/dcd_rp2040.c.o
                0x100044b8                dcd_int_enable
 .text.dcd_set_address
                0x100044c0       0x10 CMakeFiles/drone.dir/home/kac101/pico-sdk/lib/tinyusb/src/portable/raspberrypi/rp2040/dcd_rp2040.c.o
                0x100044c0                dcd_set_address
 .text.dcd_sof_enable
                0x100044d0       0x1c CMakeFiles/drone.dir/home/kac101/pico-sdk/lib/tinyusb/src/portable/raspberrypi/rp2040/dcd_rp2040.c.o
                0x100044d0                dcd_sof_enable
 .text.dcd_edpt0_status_complete
                0x100044ec       0x1c CMakeFiles/drone.dir/home/kac101/pico-sdk/lib/tinyusb/src/portable/raspberrypi/rp2040/dcd_rp2040.c.o
                0x100044ec                dcd_edpt0_status_complete
 .text.dcd_edpt_open
                0x10004508      0x108 CMakeFiles/drone.dir/home/kac101/pico-sdk/lib/tinyusb/src/portable/raspberrypi/rp2040/dcd_rp2040.c.o
                0x10004508                dcd_edpt_open
 .text.dcd_edpt_close_all
                0x10004610        0x4 CMakeFiles/drone.dir/home/kac101/pico-sdk/lib/tinyusb/src/portable/raspberrypi/rp2040/dcd_rp2040.c.o
                0x10004610                dcd_edpt_close_all
 .text.dcd_edpt_xfer
                0x10004614       0x28 CMakeFiles/drone.dir/home/kac101/pico-sdk/lib/tinyusb/src/portable/raspberrypi/rp2040/dcd_rp2040.c.o
                0x10004614                dcd_edpt_xfer
 .text.dcd_edpt_stall
                0x1000463c       0x2c CMakeFiles/drone.dir/home/kac101/pico-sdk/lib/tinyusb/src/portable/raspberrypi/rp2040/dcd_rp2040.c.o
                0x1000463c                dcd_edpt_stall
 .text.dcd_edpt_clear_stall
                0x10004668       0x2c CMakeFiles/drone.dir/home/kac101/pico-sdk/lib/tinyusb/src/portable/raspberrypi/rp2040/dcd_rp2040.c.o
                0x10004668                dcd_edpt_clear_stall
 .text.rp2040_usb_init
                0x10004694       0x40 CMakeFiles/drone.dir/home/kac101/pico-sdk/lib/tinyusb/src/portable/raspberrypi/rp2040/rp2040_usb.c.o
                0x10004694                rp2040_usb_init
 .text.hw_endpoint_xfer_start
                0x100046d4       0x40 CMakeFiles/drone.dir/home/kac101/pico-sdk/lib/tinyusb/src/portable/raspberrypi/rp2040/rp2040_usb.c.o
                0x100046d4                hw_endpoint_xfer_start
 .text.configuration_reset
                0x10004714       0x8c CMakeFiles/drone.dir/home/kac101/pico-sdk/lib/tinyusb/src/device/usbd.c.o
 .text.tud_event_hook_cb
                0x100047a0        0x4 CMakeFiles/drone.dir/home/kac101/pico-sdk/lib/tinyusb/src/device/usbd.c.o
                0x100047a0                tud_event_hook_cb
 .text.tud_sof_cb
                0x100047a4        0x4 CMakeFiles/drone.dir/home/kac101/pico-sdk/lib/tinyusb/src/device/usbd.c.o
                0x100047a4                tud_sof_cb
 .text.tud_descriptor_device_qualifier_cb
                0x100047a8        0x4 CMakeFiles/drone.dir/home/kac101/pico-sdk/lib/tinyusb/src/device/usbd.c.o
                0x100047a8                tud_descriptor_device_qualifier_cb
 .text.tud_descriptor_other_speed_configuration_cb
                0x100047ac        0x4 CMakeFiles/drone.dir/home/kac101/pico-sdk/lib/tinyusb/src/device/usbd.c.o
                0x100047ac                tud_descriptor_other_speed_configuration_cb
 .text.tud_mount_cb
                0x100047b0        0x4 CMakeFiles/drone.dir/home/kac101/pico-sdk/lib/tinyusb/src/device/usbd.c.o
                0x100047b0                tud_mount_cb
 .text.tud_umount_cb
                0x100047b4        0x4 CMakeFiles/drone.dir/home/kac101/pico-sdk/lib/tinyusb/src/device/usbd.c.o
                0x100047b4                tud_umount_cb
 .text.tud_suspend_cb
                0x100047b8        0x4 CMakeFiles/drone.dir/home/kac101/pico-sdk/lib/tinyusb/src/device/usbd.c.o
                0x100047b8                tud_suspend_cb
 .text.tud_resume_cb
                0x100047bc        0x4 CMakeFiles/drone.dir/home/kac101/pico-sdk/lib/tinyusb/src/device/usbd.c.o
                0x100047bc                tud_resume_cb
 .text.tud_mounted
                0x100047c0       0x10 CMakeFiles/drone.dir/home/kac101/pico-sdk/lib/tinyusb/src/device/usbd.c.o
                0x100047c0                tud_mounted
 .text.tud_suspended
                0x100047d0       0x10 CMakeFiles/drone.dir/home/kac101/pico-sdk/lib/tinyusb/src/device/usbd.c.o
                0x100047d0                tud_suspended
 .text.tud_rhport_init
                0x100047e0       0xf8 CMakeFiles/drone.dir/home/kac101/pico-sdk/lib/tinyusb/src/device/usbd.c.o
                0x100047e0                tud_rhport_init
 .text.tud_task_ext
                0x100048d8      0x784 CMakeFiles/drone.dir/home/kac101/pico-sdk/lib/tinyusb/src/device/usbd.c.o
                0x100048d8                tud_task_ext
 .text.usbd_open_edpt_pair
                0x1000505c       0x9c CMakeFiles/drone.dir/home/kac101/pico-sdk/lib/tinyusb/src/device/usbd.c.o
                0x1000505c                usbd_open_edpt_pair
 .text.usbd_edpt_open
                0x100050f8       0x44 CMakeFiles/drone.dir/home/kac101/pico-sdk/lib/tinyusb/src/device/usbd.c.o
                0x100050f8                usbd_edpt_open
 .text.usbd_edpt_claim
                0x1000513c       0x24 CMakeFiles/drone.dir/home/kac101/pico-sdk/lib/tinyusb/src/device/usbd.c.o
                0x1000513c                usbd_edpt_claim
 .text.usbd_edpt_release
                0x10005160       0x24 CMakeFiles/drone.dir/home/kac101/pico-sdk/lib/tinyusb/src/device/usbd.c.o
                0x10005160                usbd_edpt_release
 .text.usbd_edpt_xfer
                0x10005184       0x70 CMakeFiles/drone.dir/home/kac101/pico-sdk/lib/tinyusb/src/device/usbd.c.o
                0x10005184                usbd_edpt_xfer
 .text.tud_control_status
                0x100051f4       0x34 CMakeFiles/drone.dir/home/kac101/pico-sdk/lib/tinyusb/src/device/usbd_control.c.o
                0x100051f4                tud_control_status
 .text.tud_control_xfer
                0x10005228       0xac CMakeFiles/drone.dir/home/kac101/pico-sdk/lib/tinyusb/src/device/usbd_control.c.o
                0x10005228                tud_control_xfer
 .text.usbd_control_reset
                0x100052d4       0x14 CMakeFiles/drone.dir/home/kac101/pico-sdk/lib/tinyusb/src/device/usbd_control.c.o
                0x100052d4                usbd_control_reset
 .text.usbd_control_set_complete_callback
                0x100052e8        0xc CMakeFiles/drone.dir/home/kac101/pico-sdk/lib/tinyusb/src/device/usbd_control.c.o
                0x100052e8                usbd_control_set_complete_callback
 .text.usbd_control_set_request
                0x100052f4       0x1c CMakeFiles/drone.dir/home/kac101/pico-sdk/lib/tinyusb/src/device/usbd_control.c.o
                0x100052f4                usbd_control_set_request
 .text.usbd_control_xfer_cb
                0x10005310       0xfc CMakeFiles/drone.dir/home/kac101/pico-sdk/lib/tinyusb/src/device/usbd_control.c.o
                0x10005310                usbd_control_xfer_cb
 .text._prep_out_transaction.isra.0
                0x1000540c       0x74 CMakeFiles/drone.dir/home/kac101/pico-sdk/lib/tinyusb/src/class/cdc/cdc_device.c.o
 .text.tud_cdc_n_connected
                0x10005480       0x2c CMakeFiles/drone.dir/home/kac101/pico-sdk/lib/tinyusb/src/class/cdc/cdc_device.c.o
                0x10005480                tud_cdc_n_connected
 .text.tud_cdc_n_available
                0x100054ac       0x18 CMakeFiles/drone.dir/home/kac101/pico-sdk/lib/tinyusb/src/class/cdc/cdc_device.c.o
                0x100054ac                tud_cdc_n_available
 .text.tud_cdc_n_read
                0x100054c4       0x8c CMakeFiles/drone.dir/home/kac101/pico-sdk/lib/tinyusb/src/class/cdc/cdc_device.c.o
                0x100054c4                tud_cdc_n_read
 .text.tud_cdc_n_write_flush
                0x10005550       0x8c CMakeFiles/drone.dir/home/kac101/pico-sdk/lib/tinyusb/src/class/cdc/cdc_device.c.o
                0x10005550                tud_cdc_n_write_flush
 .text.tud_cdc_n_write
                0x100055dc       0x44 CMakeFiles/drone.dir/home/kac101/pico-sdk/lib/tinyusb/src/class/cdc/cdc_device.c.o
                0x100055dc                tud_cdc_n_write
 .text.tud_cdc_n_write_available
                0x10005620       0x18 CMakeFiles/drone.dir/home/kac101/pico-sdk/lib/tinyusb/src/class/cdc/cdc_device.c.o
                0x10005620                tud_cdc_n_write_available
 .text.cdcd_init
                0x10005638       0x70 CMakeFiles/drone.dir/home/kac101/pico-sdk/lib/tinyusb/src/class/cdc/cdc_device.c.o
                0x10005638                cdcd_init
 .text.cdcd_deinit
                0x100056a8       0x2c CMakeFiles/drone.dir/home/kac101/pico-sdk/lib/tinyusb/src/class/cdc/cdc_device.c.o
                0x100056a8                cdcd_deinit
 .text.cdcd_reset
                0x100056d4       0x4c CMakeFiles/drone.dir/home/kac101/pico-sdk/lib/tinyusb/src/class/cdc/cdc_device.c.o
                0x100056d4                cdcd_reset
 .text.cdcd_open
                0x10005720       0xbc CMakeFiles/drone.dir/home/kac101/pico-sdk/lib/tinyusb/src/class/cdc/cdc_device.c.o
                0x10005720                cdcd_open
 .text.cdcd_control_xfer_cb
                0x100057dc       0xc0 CMakeFiles/drone.dir/home/kac101/pico-sdk/lib/tinyusb/src/class/cdc/cdc_device.c.o
                0x100057dc                cdcd_control_xfer_cb
 .text.cdcd_xfer_cb
                0x1000589c       0xfc CMakeFiles/drone.dir/home/kac101/pico-sdk/lib/tinyusb/src/class/cdc/cdc_device.c.o
                0x1000589c                cdcd_xfer_cb
 .text.vendord_init
                0x10005998       0x5c CMakeFiles/drone.dir/home/kac101/pico-sdk/lib/tinyusb/src/class/vendor/vendor_device.c.o
                0x10005998                vendord_init
 .text.vendord_deinit
                0x100059f4       0x1c CMakeFiles/drone.dir/home/kac101/pico-sdk/lib/tinyusb/src/class/vendor/vendor_device.c.o
                0x100059f4                vendord_deinit
 .text.vendord_reset
                0x10005a10       0x24 CMakeFiles/drone.dir/home/kac101/pico-sdk/lib/tinyusb/src/class/vendor/vendor_device.c.o
                0x10005a10                vendord_reset
 .text.vendord_open
                0x10005a34      0x104 CMakeFiles/drone.dir/home/kac101/pico-sdk/lib/tinyusb/src/class/vendor/vendor_device.c.o
                0x10005a34                vendord_open
 .text.vendord_xfer_cb
                0x10005b38       0x88 CMakeFiles/drone.dir/home/kac101/pico-sdk/lib/tinyusb/src/class/vendor/vendor_device.c.o
                0x10005b38                vendord_xfer_cb
 .text.tusb_rhport_init
                0x10005bc0       0x60 CMakeFiles/drone.dir/home/kac101/pico-sdk/lib/tinyusb/src/tusb.c.o
                0x10005bc0                tusb_rhport_init
 .text.tu_edpt_claim
                0x10005c20       0x54 CMakeFiles/drone.dir/home/kac101/pico-sdk/lib/tinyusb/src/tusb.c.o
                0x10005c20                tu_edpt_claim
 .text.tu_edpt_release
                0x10005c74       0x38 CMakeFiles/drone.dir/home/kac101/pico-sdk/lib/tinyusb/src/tusb.c.o
                0x10005c74                tu_edpt_release
 .text.tu_edpt_validate
                0x10005cac       0x64 CMakeFiles/drone.dir/home/kac101/pico-sdk/lib/tinyusb/src/tusb.c.o
                0x10005cac                tu_edpt_validate
 .text.tu_edpt_bind_driver
                0x10005d10       0x58 CMakeFiles/drone.dir/home/kac101/pico-sdk/lib/tinyusb/src/tusb.c.o
                0x10005d10                tu_edpt_bind_driver
 .text.tu_edpt_stream_init
                0x10005d68       0x58 CMakeFiles/drone.dir/home/kac101/pico-sdk/lib/tinyusb/src/tusb.c.o
                0x10005d68                tu_edpt_stream_init
 .text.tu_edpt_stream_deinit
                0x10005dc0        0x4 CMakeFiles/drone.dir/home/kac101/pico-sdk/lib/tinyusb/src/tusb.c.o
                0x10005dc0                tu_edpt_stream_deinit
 .text.tu_edpt_stream_write_zlp_if_needed
                0x10005dc4       0x68 CMakeFiles/drone.dir/home/kac101/pico-sdk/lib/tinyusb/src/tusb.c.o
                0x10005dc4                tu_edpt_stream_write_zlp_if_needed
 .text.tu_edpt_stream_write_xfer
                0x10005e2c       0x70 CMakeFiles/drone.dir/home/kac101/pico-sdk/lib/tinyusb/src/tusb.c.o
                0x10005e2c                tu_edpt_stream_write_xfer
 .text.tu_edpt_stream_read_xfer
                0x10005e9c       0xd0 CMakeFiles/drone.dir/home/kac101/pico-sdk/lib/tinyusb/src/tusb.c.o
                0x10005e9c                tu_edpt_stream_read_xfer
 .text.tu_fifo_config
                0x10005f6c       0x60 CMakeFiles/drone.dir/home/kac101/pico-sdk/lib/tinyusb/src/common/tusb_fifo.c.o
                0x10005f6c                tu_fifo_config
 .text.tu_fifo_count
                0x10005fcc       0x20 CMakeFiles/drone.dir/home/kac101/pico-sdk/lib/tinyusb/src/common/tusb_fifo.c.o
                0x10005fcc                tu_fifo_count
 .text.tu_fifo_empty
                0x10005fec       0x14 CMakeFiles/drone.dir/home/kac101/pico-sdk/lib/tinyusb/src/common/tusb_fifo.c.o
                0x10005fec                tu_fifo_empty
 .text.tu_fifo_remaining
                0x10006000       0x24 CMakeFiles/drone.dir/home/kac101/pico-sdk/lib/tinyusb/src/common/tusb_fifo.c.o
                0x10006000                tu_fifo_remaining
 .text.tu_fifo_read
                0x10006024       0x94 CMakeFiles/drone.dir/home/kac101/pico-sdk/lib/tinyusb/src/common/tusb_fifo.c.o
                0x10006024                tu_fifo_read
 .text.tu_fifo_read_n
                0x100060b8       0xd8 CMakeFiles/drone.dir/home/kac101/pico-sdk/lib/tinyusb/src/common/tusb_fifo.c.o
                0x100060b8                tu_fifo_read_n
 .text.tu_fifo_write
                0x10006190       0xa0 CMakeFiles/drone.dir/home/kac101/pico-sdk/lib/tinyusb/src/common/tusb_fifo.c.o
                0x10006190                tu_fifo_write
 .text.tu_fifo_write_n
                0x10006230      0x158 CMakeFiles/drone.dir/home/kac101/pico-sdk/lib/tinyusb/src/common/tusb_fifo.c.o
                0x10006230                tu_fifo_write_n
 .text.tu_fifo_clear
                0x10006388       0x38 CMakeFiles/drone.dir/home/kac101/pico-sdk/lib/tinyusb/src/common/tusb_fifo.c.o
                0x10006388                tu_fifo_clear
 .text.tu_fifo_set_overwritable
                0x100063c0       0x3c CMakeFiles/drone.dir/home/kac101/pico-sdk/lib/tinyusb/src/common/tusb_fifo.c.o
                0x100063c0                tu_fifo_set_overwritable
 .text.spi_init
                0x100063fc       0xf4 CMakeFiles/drone.dir/home/kac101/pico-sdk/src/rp2_common/hardware_spi/spi.c.o
                0x100063fc                spi_init
 .text.i2c_set_baudrate
                0x100064f0       0xa8 CMakeFiles/drone.dir/home/kac101/pico-sdk/src/rp2_common/hardware_i2c/i2c.c.o
                0x100064f0                i2c_set_baudrate
 .text.i2c_init
                0x10006598       0x4c CMakeFiles/drone.dir/home/kac101/pico-sdk/src/rp2_common/hardware_i2c/i2c.c.o
                0x10006598                i2c_init
 .text.dma_channel_unclaim
                0x100065e4        0xc CMakeFiles/drone.dir/home/kac101/pico-sdk/src/rp2_common/hardware_dma/dma.c.o
                0x100065e4                dma_channel_unclaim
 .text.dma_claim_unused_channel
                0x100065f0       0x20 CMakeFiles/drone.dir/home/kac101/pico-sdk/src/rp2_common/hardware_dma/dma.c.o
                0x100065f0                dma_claim_unused_channel
 .text.dma_channel_cleanup
                0x10006610       0x50 CMakeFiles/drone.dir/home/kac101/pico-sdk/src/rp2_common/hardware_dma/dma.c.o
                0x10006610                dma_channel_cleanup
 .text.pio_add_program
                0x10006660       0xf8 CMakeFiles/drone.dir/home/kac101/pico-sdk/src/rp2_common/hardware_pio/pio.c.o
                0x10006660                pio_add_program
 .text.pio_sm_set_pindirs_with_mask64
                0x10006758       0x68 CMakeFiles/drone.dir/home/kac101/pico-sdk/src/rp2_common/hardware_pio/pio.c.o
                0x10006758                pio_sm_set_pindirs_with_mask64
 .text.pio_sm_set_consecutive_pindirs
                0x100067c0       0x8c CMakeFiles/drone.dir/home/kac101/pico-sdk/src/rp2_common/hardware_pio/pio.c.o
                0x100067c0                pio_sm_set_consecutive_pindirs
 .text.pio_sm_init
                0x1000684c       0xa8 CMakeFiles/drone.dir/home/kac101/pico-sdk/src/rp2_common/hardware_pio/pio.c.o
                0x1000684c                pio_sm_init
 .text.pio_claim_free_sm_and_add_program_for_gpio_range
                0x100068f4      0x17c CMakeFiles/drone.dir/home/kac101/pico-sdk/src/rp2_common/hardware_pio/pio.c.o
                0x100068f4                pio_claim_free_sm_and_add_program_for_gpio_range
 .text.pio_remove_program_and_unclaim_sm
                0x10006a70       0x4c CMakeFiles/drone.dir/home/kac101/pico-sdk/src/rp2_common/hardware_pio/pio.c.o
                0x10006a70                pio_remove_program_and_unclaim_sm
 .text.cyw43_arch_set_async_context
                0x10006abc        0xc CMakeFiles/drone.dir/home/kac101/pico-sdk/src/rp2_common/pico_cyw43_arch/cyw43_arch.c.o
                0x10006abc                cyw43_arch_set_async_context
 .text.cyw43_arch_gpio_put
                0x10006ac8       0x10 CMakeFiles/drone.dir/home/kac101/pico-sdk/src/rp2_common/pico_cyw43_arch/cyw43_arch.c.o
                0x10006ac8                cyw43_arch_gpio_put
 .text.cyw43_arch_async_context
                0x10006ad8        0xc CMakeFiles/drone.dir/home/kac101/pico-sdk/src/rp2_common/pico_cyw43_arch/cyw43_arch.c.o
                0x10006ad8                cyw43_arch_async_context
 .text.cyw43_arch_init
                0x10006ae4       0x5c CMakeFiles/drone.dir/home/kac101/pico-sdk/src/rp2_common/pico_cyw43_arch/cyw43_arch_threadsafe_background.c.o
                0x10006ae4                cyw43_arch_init
 .text.ns_delay.constprop.0
                0x10006b40       0x24 CMakeFiles/drone.dir/home/kac101/pico-sdk/src/rp2_common/pico_cyw43_driver/cyw43_bus_pio_spi.c.o
 .text.cyw43_spi_deinit
                0x10006b64       0x6c CMakeFiles/drone.dir/home/kac101/pico-sdk/src/rp2_common/pico_cyw43_driver/cyw43_bus_pio_spi.c.o
                0x10006b64                cyw43_spi_deinit
 .text.cyw43_spi_init
                0x10006bd0      0x128 CMakeFiles/drone.dir/home/kac101/pico-sdk/src/rp2_common/pico_cyw43_driver/cyw43_bus_pio_spi.c.o
                0x10006bd0                cyw43_spi_init
 .text.cyw43_spi_transfer
                0x10006cf8      0x3a0 CMakeFiles/drone.dir/home/kac101/pico-sdk/src/rp2_common/pico_cyw43_driver/cyw43_bus_pio_spi.c.o
                0x10006cf8                cyw43_spi_transfer
 .text.cyw43_spi_gpio_setup
                0x10007098       0x40 CMakeFiles/drone.dir/home/kac101/pico-sdk/src/rp2_common/pico_cyw43_driver/cyw43_bus_pio_spi.c.o
                0x10007098                cyw43_spi_gpio_setup
 .text.cyw43_spi_reset
                0x100070d8       0x30 CMakeFiles/drone.dir/home/kac101/pico-sdk/src/rp2_common/pico_cyw43_driver/cyw43_bus_pio_spi.c.o
                0x100070d8                cyw43_spi_reset
 .text.read_reg_u32_swap
                0x10007108       0x3c CMakeFiles/drone.dir/home/kac101/pico-sdk/src/rp2_common/pico_cyw43_driver/cyw43_bus_pio_spi.c.o
                0x10007108                read_reg_u32_swap
 .text.cyw43_read_reg_u32
                0x10007144       0x50 CMakeFiles/drone.dir/home/kac101/pico-sdk/src/rp2_common/pico_cyw43_driver/cyw43_bus_pio_spi.c.o
                0x10007144                cyw43_read_reg_u32
 .text.cyw43_read_reg_u16
                0x10007194       0x54 CMakeFiles/drone.dir/home/kac101/pico-sdk/src/rp2_common/pico_cyw43_driver/cyw43_bus_pio_spi.c.o
                0x10007194                cyw43_read_reg_u16
 .text.cyw43_read_reg_u8
                0x100071e8       0x54 CMakeFiles/drone.dir/home/kac101/pico-sdk/src/rp2_common/pico_cyw43_driver/cyw43_bus_pio_spi.c.o
                0x100071e8                cyw43_read_reg_u8
 .text.write_reg_u32_swap
                0x1000723c      0x1cc CMakeFiles/drone.dir/home/kac101/pico-sdk/src/rp2_common/pico_cyw43_driver/cyw43_bus_pio_spi.c.o
                0x1000723c                write_reg_u32_swap
 .text.cyw43_write_reg_u32
                0x10007408      0x1e0 CMakeFiles/drone.dir/home/kac101/pico-sdk/src/rp2_common/pico_cyw43_driver/cyw43_bus_pio_spi.c.o
                0x10007408                cyw43_write_reg_u32
 .text.cyw43_write_reg_u16
                0x100075e8      0x1e0 CMakeFiles/drone.dir/home/kac101/pico-sdk/src/rp2_common/pico_cyw43_driver/cyw43_bus_pio_spi.c.o
                0x100075e8                cyw43_write_reg_u16
 .text.cyw43_write_reg_u8
                0x100077c8      0x1e0 CMakeFiles/drone.dir/home/kac101/pico-sdk/src/rp2_common/pico_cyw43_driver/cyw43_bus_pio_spi.c.o
                0x100077c8                cyw43_write_reg_u8
 .text.cyw43_read_bytes
                0x100079a8       0x80 CMakeFiles/drone.dir/home/kac101/pico-sdk/src/rp2_common/pico_cyw43_driver/cyw43_bus_pio_spi.c.o
                0x100079a8                cyw43_read_bytes
 .text.cyw43_write_bytes
                0x10007a28       0xcc CMakeFiles/drone.dir/home/kac101/pico-sdk/src/rp2_common/pico_cyw43_driver/cyw43_bus_pio_spi.c.o
                0x10007a28                cyw43_write_bytes
 .text.cyw43_set_backplane_window
                0x10007af4       0x70 CMakeFiles/drone.dir/home/kac101/pico-sdk/lib/cyw43-driver/src/cyw43_ll.c.o
 .text.cyw43_ll_parse_async_event
                0x10007b64      0x10c CMakeFiles/drone.dir/home/kac101/pico-sdk/lib/cyw43-driver/src/cyw43_ll.c.o
 .text.cyw43_kso_set
                0x10007c70       0x7c CMakeFiles/drone.dir/home/kac101/pico-sdk/lib/cyw43-driver/src/cyw43_ll.c.o
 .text.cyw43_ll_sdpcm_poll_device
                0x10007cec      0x230 CMakeFiles/drone.dir/home/kac101/pico-sdk/lib/cyw43-driver/src/cyw43_ll.c.o
 .text.cyw43_sdpcm_send_common
                0x10007f1c       0xe8 CMakeFiles/drone.dir/home/kac101/pico-sdk/lib/cyw43-driver/src/cyw43_ll.c.o
 .text.cyw43_do_ioctl.part.0
                0x10008004       0xc0 CMakeFiles/drone.dir/home/kac101/pico-sdk/lib/cyw43-driver/src/cyw43_ll.c.o
 .text.cyw43_download_resource
                0x100080c4       0xb8 CMakeFiles/drone.dir/home/kac101/pico-sdk/lib/cyw43-driver/src/cyw43_ll.c.o
 .text.cyw43_write_iovar_u32.constprop.0
                0x1000817c       0x74 CMakeFiles/drone.dir/home/kac101/pico-sdk/lib/cyw43-driver/src/cyw43_ll.c.o
 .text.cyw43_write_iovar_n
                0x100081f0       0x80 CMakeFiles/drone.dir/home/kac101/pico-sdk/lib/cyw43-driver/src/cyw43_ll.c.o
 .text.cyw43_read_backplane.constprop.0
                0x10008270       0xe4 CMakeFiles/drone.dir/home/kac101/pico-sdk/lib/cyw43-driver/src/cyw43_ll.c.o
 .text.cyw43_write_backplane
                0x10008354       0xf8 CMakeFiles/drone.dir/home/kac101/pico-sdk/lib/cyw43-driver/src/cyw43_ll.c.o
 .text.reset_device_core.constprop.0
                0x1000844c      0x3bc CMakeFiles/drone.dir/home/kac101/pico-sdk/lib/cyw43-driver/src/cyw43_ll.c.o
 .text.cyw43_ll_init
                0x10008808       0x18 CMakeFiles/drone.dir/home/kac101/pico-sdk/lib/cyw43-driver/src/cyw43_ll.c.o
                0x10008808                cyw43_ll_init
 .text.cyw43_ll_deinit
                0x10008820        0x4 CMakeFiles/drone.dir/home/kac101/pico-sdk/lib/cyw43-driver/src/cyw43_ll.c.o
                0x10008820                cyw43_ll_deinit
 .text.cyw43_ll_process_packets
                0x10008824       0x44 CMakeFiles/drone.dir/home/kac101/pico-sdk/lib/cyw43-driver/src/cyw43_ll.c.o
                0x10008824                cyw43_ll_process_packets
 .text.cyw43_ll_ioctl
                0x10008868       0x78 CMakeFiles/drone.dir/home/kac101/pico-sdk/lib/cyw43-driver/src/cyw43_ll.c.o
                0x10008868                cyw43_ll_ioctl
 .text.cyw43_ll_bus_sleep
                0x100088e0       0x30 CMakeFiles/drone.dir/home/kac101/pico-sdk/lib/cyw43-driver/src/cyw43_ll.c.o
                0x100088e0                cyw43_ll_bus_sleep
 .text.cyw43_ll_wifi_get_mac
                0x10008910       0x78 CMakeFiles/drone.dir/home/kac101/pico-sdk/lib/cyw43-driver/src/cyw43_ll.c.o
                0x10008910                cyw43_ll_wifi_get_mac
 .text.cyw43_ll_bus_init
                0x10008988      0x8b0 CMakeFiles/drone.dir/home/kac101/pico-sdk/lib/cyw43-driver/src/cyw43_ll.c.o
                0x10008988                cyw43_ll_bus_init
 .text.cyw43_ll_wifi_set_wpa_auth
                0x10009238       0x48 CMakeFiles/drone.dir/home/kac101/pico-sdk/lib/cyw43-driver/src/cyw43_ll.c.o
                0x10009238                cyw43_ll_wifi_set_wpa_auth
 .text.cyw43_ll_wifi_rejoin
                0x10009280       0x74 CMakeFiles/drone.dir/home/kac101/pico-sdk/lib/cyw43-driver/src/cyw43_ll.c.o
                0x10009280                cyw43_ll_wifi_rejoin
 .text.cyw43_ll_gpio_set
                0x100092f4       0x9c CMakeFiles/drone.dir/home/kac101/pico-sdk/lib/cyw43-driver/src/cyw43_ll.c.o
                0x100092f4                cyw43_ll_gpio_set
 .text.cyw43_ll_has_work
                0x10009390       0x14 CMakeFiles/drone.dir/home/kac101/pico-sdk/lib/cyw43-driver/src/cyw43_ll.c.o
                0x10009390                cyw43_ll_has_work
 .text.cyw43_poll_func
                0x100093a4       0xb8 CMakeFiles/drone.dir/home/kac101/pico-sdk/lib/cyw43-driver/src/cyw43_ctrl.c.o
 .text.cyw43_init
                0x1000945c       0x5c CMakeFiles/drone.dir/home/kac101/pico-sdk/lib/cyw43-driver/src/cyw43_ctrl.c.o
                0x1000945c                cyw43_init
 .text.cyw43_deinit
                0x100094b8       0x80 CMakeFiles/drone.dir/home/kac101/pico-sdk/lib/cyw43-driver/src/cyw43_ctrl.c.o
                0x100094b8                cyw43_deinit
 .text.cyw43_cb_read_host_interrupt_pin
                0x10009538        0xc CMakeFiles/drone.dir/home/kac101/pico-sdk/lib/cyw43-driver/src/cyw43_ctrl.c.o
                0x10009538                cyw43_cb_read_host_interrupt_pin
 .text.cyw43_cb_ensure_awake
                0x10009544        0xc CMakeFiles/drone.dir/home/kac101/pico-sdk/lib/cyw43-driver/src/cyw43_ctrl.c.o
                0x10009544                cyw43_cb_ensure_awake
 .text.cyw43_cb_process_async_event
                0x10009550      0x23c CMakeFiles/drone.dir/home/kac101/pico-sdk/lib/cyw43-driver/src/cyw43_ctrl.c.o
                0x10009550                cyw43_cb_process_async_event
 .text.cyw43_gpio_set
                0x1000978c       0x98 CMakeFiles/drone.dir/home/kac101/pico-sdk/lib/cyw43-driver/src/cyw43_ctrl.c.o
                0x1000978c                cyw43_gpio_set
 .text.cyw43_sleep_timeout_reached
                0x10009824        0xc CMakeFiles/drone.dir/home/kac101/pico-sdk/src/rp2_common/pico_cyw43_driver/cyw43_driver.c.o
 .text.cyw43_irq_init
                0x10009830       0x28 CMakeFiles/drone.dir/home/kac101/pico-sdk/src/rp2_common/pico_cyw43_driver/cyw43_driver.c.o
                0x10009830                cyw43_irq_init
 .text.cyw43_irq_deinit
                0x10009858       0x20 CMakeFiles/drone.dir/home/kac101/pico-sdk/src/rp2_common/pico_cyw43_driver/cyw43_driver.c.o
                0x10009858                cyw43_irq_deinit
 .text.cyw43_gpio_irq_handler
                0x10009878       0x44 CMakeFiles/drone.dir/home/kac101/pico-sdk/src/rp2_common/pico_cyw43_driver/cyw43_driver.c.o
 .text.cyw43_do_poll
                0x100098bc       0x70 CMakeFiles/drone.dir/home/kac101/pico-sdk/src/rp2_common/pico_cyw43_driver/cyw43_driver.c.o
 .text.cyw43_post_poll_hook
                0x1000992c        0xc CMakeFiles/drone.dir/home/kac101/pico-sdk/src/rp2_common/pico_cyw43_driver/cyw43_driver.c.o
                0x1000992c                cyw43_post_poll_hook
 .text.cyw43_schedule_internal_poll_dispatch
                0x10009938       0x14 CMakeFiles/drone.dir/home/kac101/pico-sdk/src/rp2_common/pico_cyw43_driver/cyw43_driver.c.o
                0x10009938                cyw43_schedule_internal_poll_dispatch
 .text.cyw43_driver_init
                0x1000994c       0x38 CMakeFiles/drone.dir/home/kac101/pico-sdk/src/rp2_common/pico_cyw43_driver/cyw43_driver.c.o
                0x1000994c                cyw43_driver_init
 .text.cyw43_driver_deinit
                0x10009984       0x44 CMakeFiles/drone.dir/home/kac101/pico-sdk/src/rp2_common/pico_cyw43_driver/cyw43_driver.c.o
                0x10009984                cyw43_driver_deinit
 .text.cyw43_hal_generate_laa_mac
                0x100099c8       0x28 CMakeFiles/drone.dir/home/kac101/pico-sdk/src/rp2_common/pico_cyw43_driver/cyw43_driver.c.o
                0x100099c8                cyw43_hal_generate_laa_mac
 .text.cyw43_thread_enter
                0x100099f0       0x10 CMakeFiles/drone.dir/home/kac101/pico-sdk/src/rp2_common/pico_cyw43_driver/cyw43_driver.c.o
                0x100099f0                cyw43_thread_enter
 .text.cyw43_thread_exit
                0x10009a00       0x10 CMakeFiles/drone.dir/home/kac101/pico-sdk/src/rp2_common/pico_cyw43_driver/cyw43_driver.c.o
                0x10009a00                cyw43_thread_exit
 .text.cyw43_await_background_or_timeout_us
                0x10009a10       0x6c CMakeFiles/drone.dir/home/kac101/pico-sdk/src/rp2_common/pico_cyw43_driver/cyw43_driver.c.o
                0x10009a10                cyw43_await_background_or_timeout_us
 .text.cyw43_delay_ms
                0x10009a7c       0x40 CMakeFiles/drone.dir/home/kac101/pico-sdk/src/rp2_common/pico_cyw43_driver/cyw43_driver.c.o
                0x10009a7c                cyw43_delay_ms
 .text.cyw43_cb_tcpip_deinit
                0x10009abc        0x4 CMakeFiles/drone.dir/home/kac101/pico-sdk/src/rp2_common/pico_cyw43_driver/cyw43_driver.c.o
                0x10009abc                cyw43_cb_tcpip_deinit
 .text.cyw43_cb_tcpip_set_link_up
                0x10009ac0        0xc CMakeFiles/drone.dir/home/kac101/pico-sdk/src/rp2_common/pico_cyw43_driver/cyw43_driver.c.o
                0x10009ac0                cyw43_cb_tcpip_set_link_up
 .text.cyw43_cb_tcpip_set_link_down
                0x10009acc        0xc CMakeFiles/drone.dir/home/kac101/pico-sdk/src/rp2_common/pico_cyw43_driver/cyw43_driver.c.o
                0x10009acc                cyw43_cb_tcpip_set_link_down
 .text.cyw43_cb_process_ethernet
                0x10009ad8        0xc CMakeFiles/drone.dir/home/kac101/pico-sdk/src/rp2_common/pico_cyw43_driver/cyw43_driver.c.o
                0x10009ad8                cyw43_cb_process_ethernet
 .text.async_context_threadsafe_background_acquire_lock_blocking
                0x10009ae4        0x8 CMakeFiles/drone.dir/home/kac101/pico-sdk/src/rp2_common/pico_async_context/async_context_threadsafe_background.c.o
 .text.alarm_handler
                0x10009aec       0x20 CMakeFiles/drone.dir/home/kac101/pico-sdk/src/rp2_common/pico_async_context/async_context_threadsafe_background.c.o
 .text.async_context_threadsafe_background_set_work_pending
                0x10009b0c       0x1c CMakeFiles/drone.dir/home/kac101/pico-sdk/src/rp2_common/pico_async_context/async_context_threadsafe_background.c.o
 .text.process_under_lock
                0x10009b28       0xb0 CMakeFiles/drone.dir/home/kac101/pico-sdk/src/rp2_common/pico_async_context/async_context_threadsafe_background.c.o
 .text.async_context_threadsafe_background_execute_sync
                0x10009bd8       0x3c CMakeFiles/drone.dir/home/kac101/pico-sdk/src/rp2_common/pico_async_context/async_context_threadsafe_background.c.o
                0x10009bd8                async_context_threadsafe_background_execute_sync
 .text.async_context_threadsafe_background_deinit
                0x10009c14       0x5c CMakeFiles/drone.dir/home/kac101/pico-sdk/src/rp2_common/pico_async_context/async_context_threadsafe_background.c.o
 .text.low_priority_irq_handler
                0x10009c70       0x40 CMakeFiles/drone.dir/home/kac101/pico-sdk/src/rp2_common/pico_async_context/async_context_threadsafe_background.c.o
 .text.async_context_threadsafe_background_wait_for_work_until
                0x10009cb0        0x8 CMakeFiles/drone.dir/home/kac101/pico-sdk/src/rp2_common/pico_async_context/async_context_threadsafe_background.c.o
 .text.async_context_threadsafe_background_wait_until
                0x10009cb8       0x14 CMakeFiles/drone.dir/home/kac101/pico-sdk/src/rp2_common/pico_async_context/async_context_threadsafe_background.c.o
 .text.async_context_threadsafe_background_lock_check
                0x10009ccc       0x24 CMakeFiles/drone.dir/home/kac101/pico-sdk/src/rp2_common/pico_async_context/async_context_threadsafe_background.c.o
 .text.async_context_threadsafe_background_release_lock
                0x10009cf0       0x28 CMakeFiles/drone.dir/home/kac101/pico-sdk/src/rp2_common/pico_async_context/async_context_threadsafe_background.c.o
 .text.async_context_threadsafe_background_add_at_time_worker
                0x10009d18       0x3c CMakeFiles/drone.dir/home/kac101/pico-sdk/src/rp2_common/pico_async_context/async_context_threadsafe_background.c.o
 .text.async_context_threadsafe_background_remove_at_time_worker
                0x10009d54       0x3c CMakeFiles/drone.dir/home/kac101/pico-sdk/src/rp2_common/pico_async_context/async_context_threadsafe_background.c.o
 .text.async_context_threadsafe_background_add_when_pending_worker
                0x10009d90       0x3c CMakeFiles/drone.dir/home/kac101/pico-sdk/src/rp2_common/pico_async_context/async_context_threadsafe_background.c.o
 .text.async_context_threadsafe_background_when_pending_worker
                0x10009dcc       0x3c CMakeFiles/drone.dir/home/kac101/pico-sdk/src/rp2_common/pico_async_context/async_context_threadsafe_background.c.o
 .text.async_context_threadsafe_background_default_config
                0x10009e08        0xc CMakeFiles/drone.dir/home/kac101/pico-sdk/src/rp2_common/pico_async_context/async_context_threadsafe_background.c.o
                0x10009e08                async_context_threadsafe_background_default_config
 .text.async_context_threadsafe_background_init
                0x10009e14       0x8c CMakeFiles/drone.dir/home/kac101/pico-sdk/src/rp2_common/pico_async_context/async_context_threadsafe_background.c.o
                0x10009e14                async_context_threadsafe_background_init
 .text.async_context_base_add_at_time_worker
                0x10009ea0       0x24 CMakeFiles/drone.dir/home/kac101/pico-sdk/src/rp2_common/pico_async_context/async_context_base.c.o
                0x10009ea0                async_context_base_add_at_time_worker
 .text.async_context_base_remove_at_time_worker
                0x10009ec4       0x28 CMakeFiles/drone.dir/home/kac101/pico-sdk/src/rp2_common/pico_async_context/async_context_base.c.o
                0x10009ec4                async_context_base_remove_at_time_worker
 .text.async_context_base_add_when_pending_worker
                0x10009eec       0x20 CMakeFiles/drone.dir/home/kac101/pico-sdk/src/rp2_common/pico_async_context/async_context_base.c.o
                0x10009eec                async_context_base_add_when_pending_worker
 .text.async_context_base_remove_when_pending_worker
                0x10009f0c       0x24 CMakeFiles/drone.dir/home/kac101/pico-sdk/src/rp2_common/pico_async_context/async_context_base.c.o
                0x10009f0c                async_context_base_remove_when_pending_worker
 .text.async_context_base_execute_once
                0x10009f30       0xd8 CMakeFiles/drone.dir/home/kac101/pico-sdk/src/rp2_common/pico_async_context/async_context_base.c.o
                0x10009f30                async_context_base_execute_once
 .text          0x1000a008       0xa4 /usr/lib/gcc/arm-none-eabi/13.2.1/../../../arm-none-eabi/lib/thumb/v8-m.main+fp/softfp/libg.a(libc_a-memset.o)
                0x1000a008                memset
 .text          0x1000a0ac       0x80 /usr/lib/gcc/arm-none-eabi/13.2.1/../../../arm-none-eabi/lib/thumb/v8-m.main+fp/softfp/libg.a(libc_a-strncmp.o)
                0x1000a0ac                strncmp
 .text          0x1000a12c      0x100 /usr/lib/gcc/arm-none-eabi/13.2.1/../../../arm-none-eabi/lib/thumb/v8-m.main+fp/softfp/libg.a(libc_a-memmove.o)
                0x1000a12c                memmove
 .text          0x1000a22c       0xec /usr/lib/gcc/arm-none-eabi/13.2.1/../../../arm-none-eabi/lib/thumb/v8-m.main+fp/softfp/libg.a(libc_a-memcpy.o)
                0x1000a22c                memcpy
 .text          0x1000a318        0xc /usr/lib/gcc/arm-none-eabi/13.2.1/../../../arm-none-eabi/lib/thumb/v8-m.main+fp/softfp/libg.a(libc_a-atexit.o)
                0x1000a318                atexit
 .text          0x1000a324       0x5c /usr/lib/gcc/arm-none-eabi/13.2.1/../../../arm-none-eabi/lib/thumb/v8-m.main+fp/softfp/libg.a(libc_a-strlen-stub.o)
                0x1000a324                strlen
 .text          0x1000a380       0x28 /usr/lib/gcc/arm-none-eabi/13.2.1/../../../arm-none-eabi/lib/thumb/v8-m.main+fp/softfp/libg.a(libc_a-fini.o)
                0x1000a380                __libc_fini_array
 .text          0x1000a3a8       0x64 /usr/lib/gcc/arm-none-eabi/13.2.1/../../../arm-none-eabi/lib/thumb/v8-m.main+fp/softfp/libg.a(libc_a-__atexit.o)
                0x1000a3a8                __register_exitproc
 .text.startup  0x1000a40c       0x14 /usr/lib/gcc/arm-none-eabi/13.2.1/../../../arm-none-eabi/lib/thumb/v8-m.main+fp/softfp/libg.a(libc_a-__call_atexit.o)
 *(.fini)
 .fini          0x1000a420        0x4 /usr/lib/gcc/arm-none-eabi/13.2.1/thumb/v8-m.main+fp/softfp/crti.o
                0x1000a420                _fini
 *fill*         0x1000a424        0x4 
 .fini.__stub   0x1000a428       0x78 linker stubs
 *crtbegin.o(.ctors)
 *crtbegin?.o(.ctors)
 *(EXCLUDE_FILE(*crtend.o *crtend?.o) .ctors)
 *(SORT_BY_NAME(.ctors.*))
 *(.ctors)
 *crtbegin.o(.dtors)
 *crtbegin?.o(.dtors)
 *(EXCLUDE_FILE(*crtend.o *crtend?.o) .dtors)
 *(SORT_BY_NAME(.dtors.*))
 *(.dtors)
                0x1000a4a0                        . = ALIGN (0x4)
                0x1000a4a0                        PROVIDE (__preinit_array_start = .)
 *(SORT_BY_NAME(.preinit_array.*))
 .preinit_array.00050
                0x1000a4a0        0x4 CMakeFiles/drone.dir/home/kac101/pico-sdk/src/rp2_common/pico_runtime_init/runtime_init.c.o
                0x1000a4a0                __pre_init_runtime_init_bootrom_reset
 .preinit_array.00100
                0x1000a4a4        0x4 CMakeFiles/drone.dir/home/kac101/pico-sdk/src/rp2_common/pico_runtime_init/runtime_init.c.o
                0x1000a4a4                __pre_init_runtime_init_early_resets
 .preinit_array.00101
                0x1000a4a8        0x4 CMakeFiles/drone.dir/home/kac101/pico-sdk/src/rp2_common/pico_runtime_init/runtime_init.c.o
                0x1000a4a8                __pre_init_runtime_init_usb_power_down
 .preinit_array.00500
                0x1000a4ac        0x4 CMakeFiles/drone.dir/home/kac101/pico-sdk/src/rp2_common/pico_runtime_init/runtime_init.c.o
                0x1000a4ac                __pre_init_runtime_init_clocks
 .preinit_array.00600
                0x1000a4b0        0x4 CMakeFiles/drone.dir/home/kac101/pico-sdk/src/rp2_common/pico_runtime_init/runtime_init.c.o
                0x1000a4b0                __pre_init_runtime_init_post_clock_resets
 .preinit_array.01000
                0x1000a4b4        0x4 CMakeFiles/drone.dir/home/kac101/pico-sdk/src/rp2_common/hardware_boot_lock/boot_lock.c.o
                0x1000a4b4                __pre_init_runtime_init_boot_locks_reset
 .preinit_array.01000
                0x1000a4b8        0x4 CMakeFiles/drone.dir/home/kac101/pico-sdk/src/rp2_common/pico_runtime_init/runtime_init.c.o
                0x1000a4b8                __pre_init_runtime_init_spin_locks_reset
 .preinit_array.01010
                0x1000a4bc        0x4 CMakeFiles/drone.dir/home/kac101/pico-sdk/src/rp2_common/pico_bootrom/bootrom_lock.c.o
                0x1000a4bc                __pre_init_runtime_init_bootrom_locking_enable
 .preinit_array.01100
                0x1000a4c0        0x4 CMakeFiles/drone.dir/home/kac101/pico-sdk/src/common/pico_sync/mutex.c.o
                0x1000a4c0                __pre_init_runtime_init_mutex
 .preinit_array.10080
                0x1000a4c4        0x4 CMakeFiles/drone.dir/home/kac101/pico-sdk/src/rp2_common/pico_runtime_init/runtime_init.c.o
                0x1000a4c4                __pre_init_runtime_init_install_ram_vector_table
 .preinit_array.11000
                0x1000a4c8        0x4 CMakeFiles/drone.dir/home/kac101/pico-sdk/src/common/pico_time/time.c.o
                0x1000a4c8                __pre_init_runtime_init_default_alarm_pool
 .preinit_array.YYYYY
                0x1000a4cc        0x4 CMakeFiles/drone.dir/home/kac101/pico-sdk/src/rp2_common/pico_runtime/runtime.c.o
                0x1000a4cc                __pre_init_first_per_core_initializer
 .preinit_array.ZZZZZ.00051
                0x1000a4d0        0x4 CMakeFiles/drone.dir/home/kac101/pico-sdk/src/rp2_common/pico_runtime_init/runtime_init.c.o
                0x1000a4d0                __pre_init_runtime_init_per_core_bootrom_reset
 .preinit_array.ZZZZZ.00200
                0x1000a4d4        0x4 CMakeFiles/drone.dir/home/kac101/pico-sdk/src/rp2_common/pico_runtime_init/runtime_init.c.o
                0x1000a4d4                __pre_init_runtime_init_per_core_enable_coprocessors
 .preinit_array.ZZZZZ.01000
                0x1000a4d8        0x4 CMakeFiles/drone.dir/home/kac101/pico-sdk/src/rp2_common/hardware_sync_spin_lock/sync_spin_lock.c.o
                0x1000a4d8                __pre_init_spinlock_set_extexclall
 .preinit_array.ZZZZZ.01200
                0x1000a4dc        0x4 CMakeFiles/drone.dir/home/kac101/pico-sdk/src/rp2_common/hardware_irq/irq.c.o
                0x1000a4dc                __pre_init_runtime_init_per_core_irq_priorities
 *(.preinit_array)
                0x1000a4e0                        PROVIDE (__preinit_array_end = .)
                0x1000a4e0                        . = ALIGN (0x4)
                0x1000a4e0                        PROVIDE (__init_array_start = .)
 *(SORT_BY_NAME(.init_array.*))
 .init_array.00000
                0x1000a4e0        0x4 /usr/lib/gcc/arm-none-eabi/13.2.1/../../../arm-none-eabi/lib/thumb/v8-m.main+fp/softfp/libg.a(libc_a-__call_atexit.o)
 *(.init_array)
 .init_array    0x1000a4e4        0x4 /usr/lib/gcc/arm-none-eabi/13.2.1/thumb/v8-m.main+fp/softfp/crtbegin.o
 .init_array    0x1000a4e8        0x4 CMakeFiles/drone.dir/home/kac101/pico-sdk/src/rp2_common/pico_unique_id/unique_id.c.o
                0x1000a4ec                        PROVIDE (__init_array_end = .)
                0x1000a4ec                        . = ALIGN (0x4)
                0x1000a4ec                        PROVIDE (__fini_array_start = .)
 *(SORT_BY_NAME(.fini_array.*))
 *(.fini_array)
                0x1000a4ec                        PROVIDE (__fini_array_end = .)
 *(.eh_frame*)
 .eh_frame      0x1000a4ec        0x0 /usr/lib/gcc/arm-none-eabi/13.2.1/thumb/v8-m.main+fp/softfp/crtbegin.o
                0x1000a4ec                        . = ALIGN (0x4)

.glue_7         0x1000a4ec        0x0
 .glue_7        0x1000a4ec        0x0 linker stubs

.glue_7t        0x1000a4ec        0x0
 .glue_7t       0x1000a4ec        0x0 linker stubs

.vfp11_veneer   0x1000a4ec        0x0
 .vfp11_veneer  0x1000a4ec        0x0 linker stubs

.v4_bx          0x1000a4ec        0x0
 .v4_bx         0x1000a4ec        0x0 linker stubs

.iplt           0x1000a4ec        0x0
 .iplt          0x1000a4ec        0x0 /usr/lib/gcc/arm-none-eabi/13.2.1/thumb/v8-m.main+fp/softfp/crtbegin.o

.boot2          0x1000a4ec        0x0
                0x1000a4ec                        __boot2_start__ = .
 *(.boot2)
                0x1000a4ec                        __boot2_end__ = .
                0x00000001                        ASSERT (((__boot2_end__ - __boot2_start__) <= 0x100), ERROR: Pico second stage bootloader must be no more than 256 bytes in size)

.rodata         0x1000a4f0    0x37db4
 *(EXCLUDE_FILE(*libm.a: *libc.a:*lib_a-mem*.o *libgcc.a:) .rodata*)
 .rodata._Z17blink_pin_foreverP8pio_hw_tjjjj.str1.4
                0x1000a4f0      0x60c CMakeFiles/drone.dir/drone.cpp.o
                                 0x1a (size before relaxing)
 .rodata.main.str1.4
                0x1000aafc       0x8e CMakeFiles/drone.dir/drone.cpp.o
 .rodata._ZL13blink_program
                0x1000aafc        0x8 CMakeFiles/drone.dir/drone.cpp.o
 .rodata._ZL26blink_program_instructions
                0x1000ab04       0x10 CMakeFiles/drone.dir/drone.cpp.o
 .rodata._ZL3src
                0x1000ab14       0x19 CMakeFiles/drone.dir/drone.cpp.o
 .rodata.panic.str1.4
                0x1000ab2d       0x12 CMakeFiles/drone.dir/home/kac101/pico-sdk/src/rp2_common/pico_platform_panic/panic.c.o
 .rodata.spin_lock_claim_unused.str1.4
                0x1000ab2d       0x1b CMakeFiles/drone.dir/home/kac101/pico-sdk/src/rp2_common/hardware_sync/sync.c.o
 .rodata.user_irq_claim_unused.str1.4
                0x1000ab2d       0x1b CMakeFiles/drone.dir/home/kac101/pico-sdk/src/rp2_common/hardware_irq/irq.c.o
 *fill*         0x1000ab2d        0x3 
 .rodata.at_the_end_of_time
                0x1000ab30        0x8 CMakeFiles/drone.dir/home/kac101/pico-sdk/src/common/pico_time/time.c.o
                0x1000ab30                at_the_end_of_time
 .rodata.timer_hardware_alarm_claim.str1.4
                0x1000ab38       0x22 CMakeFiles/drone.dir/home/kac101/pico-sdk/src/rp2_common/hardware_timer/timer.c.o
 .rodata.hard_assertion_failure.str1.4
                0x1000ab38        0xc CMakeFiles/drone.dir/home/kac101/pico-sdk/src/rp2_common/pico_runtime/runtime.c.o
 .rodata.str1.4
                0x1000ab38       0x40 CMakeFiles/drone.dir/home/kac101/pico-sdk/src/rp2_common/pico_standard_binary_info/standard_binary_info.c.o
 .rodata.__bi_84
                0x1000ab38        0xc CMakeFiles/drone.dir/home/kac101/pico-sdk/src/rp2_common/pico_standard_binary_info/standard_binary_info.c.o
 .rodata.__bi_78
                0x1000ab44        0xc CMakeFiles/drone.dir/home/kac101/pico-sdk/src/rp2_common/pico_standard_binary_info/standard_binary_info.c.o
 .rodata.__bi_60
                0x1000ab50        0xc CMakeFiles/drone.dir/home/kac101/pico-sdk/src/rp2_common/pico_standard_binary_info/standard_binary_info.c.o
 .rodata.__bi_54
                0x1000ab5c        0xc CMakeFiles/drone.dir/home/kac101/pico-sdk/src/rp2_common/pico_standard_binary_info/standard_binary_info.c.o
 .rodata.__bi_48
                0x1000ab68        0xc CMakeFiles/drone.dir/home/kac101/pico-sdk/src/rp2_common/pico_standard_binary_info/standard_binary_info.c.o
 .rodata.__bi_42
                0x1000ab74        0xc CMakeFiles/drone.dir/home/kac101/pico-sdk/src/rp2_common/pico_standard_binary_info/standard_binary_info.c.o
 .rodata.__bi_34
                0x1000ab80        0xc CMakeFiles/drone.dir/home/kac101/pico-sdk/src/rp2_common/pico_standard_binary_info/standard_binary_info.c.o
 .rodata.__bi_26
                0x1000ab8c        0xc CMakeFiles/drone.dir/home/kac101/pico-sdk/src/rp2_common/pico_standard_binary_info/standard_binary_info.c.o
 .rodata._ftoa.str1.4
                0x1000ab98       0x15 CMakeFiles/drone.dir/home/kac101/pico-sdk/src/rp2_common/pico_printf/printf.c.o
 .rodata.pow10.0
                0x1000ab98       0x50 CMakeFiles/drone.dir/home/kac101/pico-sdk/src/rp2_common/pico_printf/printf.c.o
 .rodata.crlf_str.0
                0x1000abe8        0x2 CMakeFiles/drone.dir/home/kac101/pico-sdk/src/rp2_common/pico_stdio/stdio.c.o
 .rodata.str1.4
                0x1000abea       0x2c CMakeFiles/drone.dir/home/kac101/pico-sdk/src/rp2_common/pico_stdio_uart/stdio_uart.c.o
 *fill*         0x1000abea        0x2 
 .rodata.__bi_45.4
                0x1000abec        0xc CMakeFiles/drone.dir/home/kac101/pico-sdk/src/rp2_common/pico_stdio_uart/stdio_uart.c.o
 .rodata.__bi_49.5
                0x1000abf8        0x8 CMakeFiles/drone.dir/home/kac101/pico-sdk/src/rp2_common/pico_stdio_uart/stdio_uart.c.o
 .rodata.__bi_50.6
                0x1000ac00        0x8 CMakeFiles/drone.dir/home/kac101/pico-sdk/src/rp2_common/pico_stdio_uart/stdio_uart.c.o
 .rodata._resetd_driver
                0x1000ac08       0x20 CMakeFiles/drone.dir/home/kac101/pico-sdk/src/rp2_common/pico_stdio_usb/reset_interface.c.o
 .rodata.desc_ms_os_20
                0x1000ac28       0xa6 CMakeFiles/drone.dir/home/kac101/pico-sdk/src/rp2_common/pico_stdio_usb/reset_interface.c.o
 *fill*         0x1000acce        0x2 
 .rodata.desc_bos
                0x1000acd0       0x21 CMakeFiles/drone.dir/home/kac101/pico-sdk/src/rp2_common/pico_stdio_usb/reset_interface.c.o
                0x1000acd0                desc_bos
 .rodata.str1.4
                0x1000acf1       0x13 CMakeFiles/drone.dir/home/kac101/pico-sdk/src/rp2_common/pico_stdio_usb/stdio_usb.c.o
 *fill*         0x1000acf1        0x3 
 .rodata.__bi_197.0
                0x1000acf4        0xc CMakeFiles/drone.dir/home/kac101/pico-sdk/src/rp2_common/pico_stdio_usb/stdio_usb.c.o
 .rodata.str1.4
                0x1000ad00       0x2a CMakeFiles/drone.dir/home/kac101/pico-sdk/src/rp2_common/pico_stdio_usb/stdio_usb_descriptors.c.o
 .rodata.usbd_desc_str
                0x1000ad00       0x18 CMakeFiles/drone.dir/home/kac101/pico-sdk/src/rp2_common/pico_stdio_usb/stdio_usb_descriptors.c.o
 .rodata.usbd_desc_cfg
                0x1000ad18       0x54 CMakeFiles/drone.dir/home/kac101/pico-sdk/src/rp2_common/pico_stdio_usb/stdio_usb_descriptors.c.o
 .rodata.usbd_desc_device
                0x1000ad6c       0x12 CMakeFiles/drone.dir/home/kac101/pico-sdk/src/rp2_common/pico_stdio_usb/stdio_usb_descriptors.c.o
 .rodata.str1.4
                0x1000ad7e       0x14 CMakeFiles/drone.dir/home/kac101/pico-sdk/lib/tinyusb/src/portable/raspberrypi/rp2040/dcd_rp2040.c.o
 .rodata.str1.4
                0x1000ad7e       0x48 CMakeFiles/drone.dir/home/kac101/pico-sdk/lib/tinyusb/src/portable/raspberrypi/rp2040/rp2040_usb.c.o
 *fill*         0x1000ad7e        0x2 
 .rodata._usbd_driver
                0x1000ad80       0x40 CMakeFiles/drone.dir/home/kac101/pico-sdk/lib/tinyusb/src/device/usbd.c.o
 .rodata.dma_claim_unused_channel.str1.4
                0x1000adc0       0x1e CMakeFiles/drone.dir/home/kac101/pico-sdk/src/rp2_common/hardware_dma/dma.c.o
 .rodata.pio_claim_unused_sm.str1.4
                0x1000adc0       0x24 CMakeFiles/drone.dir/home/kac101/pico-sdk/src/rp2_common/hardware_pio/pio.c.o
 .rodata.cyw43_read_bytes.str1.4
                0x1000adc0       0x1a CMakeFiles/drone.dir/home/kac101/pico-sdk/src/rp2_common/pico_cyw43_driver/cyw43_bus_pio_spi.c.o
 .rodata.cyw43_write_bytes.str1.4
                0x1000adc0        0xd CMakeFiles/drone.dir/home/kac101/pico-sdk/src/rp2_common/pico_cyw43_driver/cyw43_bus_pio_spi.c.o
 .rodata.spi_gap01_sample0_program
                0x1000adc0        0x8 CMakeFiles/drone.dir/home/kac101/pico-sdk/src/rp2_common/pico_cyw43_driver/cyw43_bus_pio_spi.c.o
 .rodata.spi_gap01_sample0_program_instructions
                0x1000adc8        0xc CMakeFiles/drone.dir/home/kac101/pico-sdk/src/rp2_common/pico_cyw43_driver/cyw43_bus_pio_spi.c.o
 .rodata.cyw43_kso_set.str1.4
                0x1000add4       0x23 CMakeFiles/drone.dir/home/kac101/pico-sdk/lib/cyw43-driver/src/cyw43_ll.c.o
 .rodata.cyw43_ll_sdpcm_poll_device.str1.4
                0x1000add4       0x55 CMakeFiles/drone.dir/home/kac101/pico-sdk/lib/cyw43-driver/src/cyw43_ll.c.o
 .rodata.cyw43_sdpcm_send_common.str1.4
                0x1000add4       0x22 CMakeFiles/drone.dir/home/kac101/pico-sdk/lib/cyw43-driver/src/cyw43_ll.c.o
 .rodata.cyw43_do_ioctl.part.0.str1.4
                0x1000add4       0x53 CMakeFiles/drone.dir/home/kac101/pico-sdk/lib/cyw43-driver/src/cyw43_ll.c.o
 .rodata.reset_device_core.constprop.0.str1.4
                0x1000add4       0x1a CMakeFiles/drone.dir/home/kac101/pico-sdk/lib/cyw43-driver/src/cyw43_ll.c.o
 .rodata.cyw43_ll_wifi_on.str1.4
                0x1000add4       0x52 CMakeFiles/drone.dir/home/kac101/pico-sdk/lib/cyw43-driver/src/cyw43_ll.c.o
 .rodata.cyw43_ll_bus_init.str1.4
                0x1000add4       0xea CMakeFiles/drone.dir/home/kac101/pico-sdk/lib/cyw43-driver/src/cyw43_ll.c.o
 .rodata.cyw43_ll_gpio_set.str1.4
                0x1000add4        0x8 CMakeFiles/drone.dir/home/kac101/pico-sdk/lib/cyw43-driver/src/cyw43_ll.c.o
 .rodata.w43439A0_7_95_49_00_combined
                0x1000add4    0x36fd8 CMakeFiles/drone.dir/home/kac101/pico-sdk/lib/cyw43-driver/src/cyw43_ll.c.o
 .rodata.wifi_nvram_4343
                0x10041dac      0x2e7 CMakeFiles/drone.dir/home/kac101/pico-sdk/lib/cyw43-driver/src/cyw43_ll.c.o
 *fill*         0x10042093        0x1 
 .rodata        0x10042094       0x72 CMakeFiles/drone.dir/home/kac101/pico-sdk/lib/cyw43-driver/src/cyw43_ll.c.o
 .rodata.cyw43_cb_process_async_event.str1.4
                0x10042106       0x28 CMakeFiles/drone.dir/home/kac101/pico-sdk/lib/cyw43-driver/src/cyw43_ctrl.c.o
 .rodata.str1.4
                0x10042106       0x9e CMakeFiles/drone.dir/home/kac101/pico-sdk/lib/cyw43-driver/src/cyw43_ctrl.c.o
 *fill*         0x10042106        0x2 
 .rodata.cyw43_async_event_name_table
                0x10042108      0x164 CMakeFiles/drone.dir/home/kac101/pico-sdk/lib/cyw43-driver/src/cyw43_ctrl.c.o
 .rodata.cyw43_cb_tcpip_set_link_up.str1.4
                0x1004226c       0x20 CMakeFiles/drone.dir/home/kac101/pico-sdk/src/rp2_common/pico_cyw43_driver/cyw43_driver.c.o
 .rodata.async_context_threadsafe_background_lock_check.str1.4
                0x1004226c       0x20 CMakeFiles/drone.dir/home/kac101/pico-sdk/src/rp2_common/pico_async_context/async_context_threadsafe_background.c.o
 .rodata.template
                0x1004226c       0x38 CMakeFiles/drone.dir/home/kac101/pico-sdk/src/rp2_common/pico_async_context/async_context_threadsafe_background.c.o
 *(.srodata*)
                0x100422a4                        . = ALIGN (0x4)
 *(SORT_BY_ALIGNMENT(SORT_BY_NAME(.flashdata*)))
                0x100422a4                        . = ALIGN (0x4)

.ARM.extab
 *(.ARM.extab* .gnu.linkonce.armextab.*)
                0x100422a4                        __exidx_start = .

.ARM.exidx      0x100422a4        0x8
 *(.ARM.exidx* .gnu.linkonce.armexidx.*)
 .ARM.exidx     0x100422a4        0x8 /usr/lib/gcc/arm-none-eabi/13.2.1/../../../arm-none-eabi/lib/thumb/v8-m.main+fp/softfp/libg.a(libc_a-memcpy.o)
 .ARM.exidx     0x100422ac        0x0 /usr/lib/gcc/arm-none-eabi/13.2.1/thumb/v8-m.main+fp/softfp/libgcc.a(_udivmoddi4.o)
                                  0x8 (size before relaxing)
                0x100422ac                        __exidx_end = .
                0x100422ac                        . = ALIGN (0x4)
                0x100422ac                        __binary_info_start = .

.binary_info    0x100422ac       0x30
 *(.binary_info.keep.*)
 .binary_info.keep.__bi_ptr84
                0x100422ac        0x4 CMakeFiles/drone.dir/home/kac101/pico-sdk/src/rp2_common/pico_standard_binary_info/standard_binary_info.c.o
 .binary_info.keep.__bi_ptr78
                0x100422b0        0x4 CMakeFiles/drone.dir/home/kac101/pico-sdk/src/rp2_common/pico_standard_binary_info/standard_binary_info.c.o
 .binary_info.keep.__bi_ptr60
                0x100422b4        0x4 CMakeFiles/drone.dir/home/kac101/pico-sdk/src/rp2_common/pico_standard_binary_info/standard_binary_info.c.o
 .binary_info.keep.__bi_ptr54
                0x100422b8        0x4 CMakeFiles/drone.dir/home/kac101/pico-sdk/src/rp2_common/pico_standard_binary_info/standard_binary_info.c.o
 .binary_info.keep.__bi_ptr48
                0x100422bc        0x4 CMakeFiles/drone.dir/home/kac101/pico-sdk/src/rp2_common/pico_standard_binary_info/standard_binary_info.c.o
 .binary_info.keep.__bi_ptr42
                0x100422c0        0x4 CMakeFiles/drone.dir/home/kac101/pico-sdk/src/rp2_common/pico_standard_binary_info/standard_binary_info.c.o
 .binary_info.keep.__bi_ptr34
                0x100422c4        0x4 CMakeFiles/drone.dir/home/kac101/pico-sdk/src/rp2_common/pico_standard_binary_info/standard_binary_info.c.o
 .binary_info.keep.__bi_ptr26
                0x100422c8        0x4 CMakeFiles/drone.dir/home/kac101/pico-sdk/src/rp2_common/pico_standard_binary_info/standard_binary_info.c.o
 *(.binary_info.*)
 .binary_info.__bi_ptr50
                0x100422cc        0x4 CMakeFiles/drone.dir/home/kac101/pico-sdk/src/rp2_common/pico_stdio_uart/stdio_uart.c.o
 .binary_info.__bi_ptr49
                0x100422d0        0x4 CMakeFiles/drone.dir/home/kac101/pico-sdk/src/rp2_common/pico_stdio_uart/stdio_uart.c.o
 .binary_info.__bi_ptr45
                0x100422d4        0x4 CMakeFiles/drone.dir/home/kac101/pico-sdk/src/rp2_common/pico_stdio_uart/stdio_uart.c.o
 .binary_info.__bi_ptr197
                0x100422d8        0x4 CMakeFiles/drone.dir/home/kac101/pico-sdk/src/rp2_common/pico_stdio_usb/stdio_usb.c.o
                0x100422dc                        __binary_info_end = .
                0x100422dc                        . = ALIGN (0x4)

.ram_vector_table
                0x20000000      0x110
 *(.ram_vector_table)
 .ram_vector_table
                0x20000000      0x110 CMakeFiles/drone.dir/home/kac101/pico-sdk/src/rp2_common/pico_runtime_init/runtime_init.c.o
                0x20000000                ram_vector_table

.uninitialized_data
                0x20000110        0x0
                0x20000110                        . = ALIGN (0x4)
 *(.uninitialized_data*)

.data           0x20000110     0x1308 load address 0x100422dc
                0x20000110                        __data_start__ = .
 *(vtable)
 *(.time_critical*)
 .time_critical.sem_acquire_block_until
                0x20000110       0x64 CMakeFiles/drone.dir/home/kac101/pico-sdk/src/common/pico_sync/sem.c.o
                0x20000110                sem_acquire_block_until
 .time_critical.sem_release
                0x20000174       0x5c CMakeFiles/drone.dir/home/kac101/pico-sdk/src/common/pico_sync/sem.c.o
                0x20000174                sem_release
 .time_critical.recursive_mutex_enter_blocking
                0x200001d0       0x8c CMakeFiles/drone.dir/home/kac101/pico-sdk/src/common/pico_sync/mutex.c.o
                0x200001d0                recursive_mutex_enter_blocking
 .time_critical.mutex_try_enter
                0x2000025c       0x50 CMakeFiles/drone.dir/home/kac101/pico-sdk/src/common/pico_sync/mutex.c.o
                0x2000025c                mutex_try_enter
 .time_critical.recursive_mutex_try_enter
                0x200002ac       0x58 CMakeFiles/drone.dir/home/kac101/pico-sdk/src/common/pico_sync/mutex.c.o
                0x200002ac                recursive_mutex_try_enter
 .time_critical.mutex_enter_block_until
                0x20000304       0x70 CMakeFiles/drone.dir/home/kac101/pico-sdk/src/common/pico_sync/mutex.c.o
                0x20000304                mutex_enter_block_until
 .time_critical.mutex_try_enter_block_until
                0x20000374       0x6c CMakeFiles/drone.dir/home/kac101/pico-sdk/src/common/pico_sync/mutex.c.o
                0x20000374                mutex_try_enter_block_until
 .time_critical.mutex_enter_timeout_ms
                0x200003e0       0x38 CMakeFiles/drone.dir/home/kac101/pico-sdk/src/common/pico_sync/mutex.c.o
                0x200003e0                mutex_enter_timeout_ms
 .time_critical.mutex_exit
                0x20000418       0x3c CMakeFiles/drone.dir/home/kac101/pico-sdk/src/common/pico_sync/mutex.c.o
                0x20000418                mutex_exit
 .time_critical.recursive_mutex_exit
                0x20000454       0x50 CMakeFiles/drone.dir/home/kac101/pico-sdk/src/common/pico_sync/mutex.c.o
                0x20000454                recursive_mutex_exit
 .time_critical.reset_non_control_endpoints
                0x200004a4       0x64 CMakeFiles/drone.dir/home/kac101/pico-sdk/lib/tinyusb/src/portable/raspberrypi/rp2040/dcd_rp2040.c.o
 .time_critical.hw_handle_buff_status